stm32g0xx_hal_pwr_ex.c:101:6:HAL_PWREx_EnableBatteryCharging	24	static
stm32g0xx_hal_pwr_ex.c:116:6:HAL_PWREx_DisableBatteryCharging	8	static
stm32g0xx_hal_pwr_ex.c:150:6:HAL_PWREx_EnableInternalWakeUpLine	8	static
stm32g0xx_hal_pwr_ex.c:160:6:HAL_PWREx_DisableInternalWakeUpLine	8	static
stm32g0xx_hal_pwr_ex.c:185:19:HAL_PWREx_EnableGPIOPullUp	24	static
stm32g0xx_hal_pwr_ex.c:241:19:HAL_PWREx_DisableGPIOPullUp	24	static
stm32g0xx_hal_pwr_ex.c:298:19:HAL_PWREx_EnableGPIOPullDown	24	static
stm32g0xx_hal_pwr_ex.c:354:19:HAL_PWREx_DisableGPIOPullDown	24	static
stm32g0xx_hal_pwr_ex.c:402:6:HAL_PWREx_EnablePullUpPullDownConfig	8	static
stm32g0xx_hal_pwr_ex.c:413:6:HAL_PWREx_DisablePullUpPullDownConfig	8	static
stm32g0xx_hal_pwr_ex.c:453:6:HAL_PWREx_EnableFlashPowerDown	16	static
stm32g0xx_hal_pwr_ex.c:471:6:HAL_PWREx_DisableFlashPowerDown	16	static
stm32g0xx_hal_pwr_ex.c:483:10:HAL_PWREx_GetVoltageRange	8	static
stm32g0xx_hal_pwr_ex.c:509:19:HAL_PWREx_ControlVoltageScaling	24	static
stm32g0xx_hal_pwr_ex.c:550:6:HAL_PWREx_EnableLowPowerRunMode	8	static
stm32g0xx_hal_pwr_ex.c:565:19:HAL_PWREx_DisableLowPowerRunMode	16	static
