<html>
<body>
<pre>
<h1>礦ision Build Log</h1>
<h2>Tool Versions:</h2>
IDE-Version: μVision V5.29.0.0
Copyright (C) 2019 ARM Ltd and ARM Germany GmbH. All rights reserved.
License Information: adnm admin, sda, LIC=----
 
Tool Versions:
Toolchain:       MDK-Lite  Version: 5.29.0.0
Toolchain Path:  C:\Keil_v5\ARM\ARMCC\Bin
C Compiler:      Armcc.exe V5.06 update 6 (build 750)
Assembler:       Armasm.exe V5.06 update 6 (build 750)
Linker/Locator:  ArmLink.exe V5.06 update 6 (build 750)
Library Manager: ArmAr.exe V5.06 update 6 (build 750)
Hex Converter:   FromElf.exe V5.06 update 6 (build 750)
CPU DLL:         SARMCM3.DLL V5.29.0.0
Dialog DLL:      DARMCM1.DLL V1.19.2.0
Target DLL:      STLink\ST-LINKIII-KEIL_SWO.dll V3.0.7.0
Dialog DLL:      TARMCM1.DLL V1.14.1.0
 
<h2>Project:</h2>
C:\Users\admin\Desktop\无人机\Drone_Master_PID-master\MDK-ARM\CubeMX_Code.uvprojx
Project File Date:  03/26/2020

<h2>Output:</h2>
*** Using Compiler 'V5.06 update 6 (build 750)', folder: 'C:\Keil_v5\ARM\ARMCC\Bin'
Rebuild target 'CubeMX_Code'
assembling startup_stm32g030xx.s...
compiling Struct_All.c...
compiling Led.c...
compiling EEPROM.c...
compiling Motor.c...
compiling I2C_MPU6050.c...
compiling Control.c...
compiling Filter.c...
compiling Protocol.c...
compiling IMU.c...
compiling Maths.c...
compiling Tasks.c...
compiling main.c...
compiling UART_Bluetooth.c...
compiling Advanced.c...
compiling dma.c...
compiling gpio.c...
compiling tim.c...
compiling stm32g0xx_it.c...
compiling adc.c...
../Src/adc.c(26): warning:  #550-D: variable "Battery"  was set but never used
  static uint16_t Battery;//閿熸枻鎷峰墠閿熸枻鎷锋皭閿熺獤鐧告嫹閿??00閿熸枻鎷?
../Src/adc.c: 1 warning, 0 errors
compiling usart.c...
../Src/usart.c(28): warning:  #177-D: variable "RxBuffer"  was declared but never referenced
  static uint8_t RxBuffer[50];//涓插?ｆ帴鏀剁紦鍐插尯
../Src/usart.c: 1 warning, 0 errors
compiling stm32g0xx_hal_msp.c...
compiling stm32g0xx_ll_adc.c...
compiling stm32g0xx_ll_rcc.c...
compiling system_stm32g0xx.c...
compiling stm32g0xx_hal_adc_ex.c...
compiling stm32g0xx_hal_gpio.c...
compiling stm32g0xx_hal_rcc.c...
compiling stm32g0xx_hal_rcc_ex.c...
compiling stm32g0xx_hal_flash.c...
compiling stm32g0xx_hal_adc.c...
compiling stm32g0xx_hal_cortex.c...
compiling stm32g0xx_hal_dma_ex.c...
compiling stm32g0xx_hal.c...
compiling stm32g0xx_hal_pwr.c...
compiling stm32g0xx_hal_pwr_ex.c...
compiling stm32g0xx_hal_dma.c...
compiling stm32g0xx_hal_flash_ex.c...
compiling stm32g0xx_hal_exti.c...
compiling stm32g0xx_hal_tim_ex.c...
compiling stm32g0xx_hal_uart_ex.c...
compiling stm32g0xx_hal_uart.c...
compiling stm32g0xx_hal_tim.c...
linking...
Program Size: Code=24624 RO-data=560 RW-data=248 ZI-data=2000  
FromELF: creating hex file...
"CubeMX_Code\CubeMX_Code.axf" - 0 Error(s), 2 Warning(s).

<h2>Software Packages used:</h2>

Package Vendor: ARM
                http://www.keil.com/pack/ARM.CMSIS.5.6.0.pack
                ARM.CMSIS.5.6.0
                CMSIS (Cortex Microcontroller Software Interface Standard)
   * Component: CORE Version: 5.3.0

Package Vendor: Keil
                https://www.keil.com/pack/Keil.STM32G0xx_DFP.1.2.0.pack
                Keil.STM32G0xx_DFP.1.2.0
                STMicroelectronics STM32G0 Series Device Support

<h2>Collection of Component include folders:</h2>
  .\RTE\_CubeMX_Code
  C:\Users\admin\AppData\Local\Arm\Packs\ARM\CMSIS\5.6.0\CMSIS\Core\Include
  C:\Users\admin\AppData\Local\Arm\Packs\Keil\STM32G0xx_DFP\1.2.0\Drivers\CMSIS\Device\ST\STM32G0xx\Include

<h2>Collection of Component Files used:</h2>

   * Component: ARM::CMSIS:CORE:5.3.0
Build Time Elapsed:  00:00:37
</pre>
</body>
</html>
