Component: ARM Compiler 5.06 update 6 (build 750) Tool: armlink [4d35ed]

==============================================================================

Section Cross References

    startup_stm32g030xx.o(RESET) refers to startup_stm32g030xx.o(STACK) for __initial_sp
    startup_stm32g030xx.o(RESET) refers to startup_stm32g030xx.o(.text) for Reset_Handler
    startup_stm32g030xx.o(RESET) refers to stm32g0xx_it.o(i.NMI_Handler) for NMI_Handler
    startup_stm32g030xx.o(RESET) refers to stm32g0xx_it.o(i.HardFault_Handler) for HardFault_Handler
    startup_stm32g030xx.o(RESET) refers to stm32g0xx_it.o(i.SVC_Handler) for SVC_Handler
    startup_stm32g030xx.o(RESET) refers to stm32g0xx_it.o(i.PendSV_Handler) for PendSV_Handler
    startup_stm32g030xx.o(RESET) refers to stm32g0xx_it.o(i.SysTick_Handler) for SysTick_Handler
    startup_stm32g030xx.o(RESET) refers to stm32g0xx_it.o(i.DMA1_Channel1_IRQHandler) for DMA1_Channel1_IRQHandler
    startup_stm32g030xx.o(RESET) refers to stm32g0xx_it.o(i.TIM3_IRQHandler) for TIM3_IRQHandler
    startup_stm32g030xx.o(RESET) refers to stm32g0xx_it.o(i.USART2_IRQHandler) for USART2_IRQHandler
    startup_stm32g030xx.o(.text) refers to system_stm32g0xx.o(i.SystemInit) for SystemInit
    startup_stm32g030xx.o(.text) refers to entry.o(.ARM.Collect$$$$00000000) for __main
    eeprom.o(i.EE_Format) refers to stm32g0xx_hal_flash_ex.o(i.HAL_FLASHEx_Erase) for HAL_FLASHEx_Erase
    eeprom.o(i.EE_Format) refers to stm32g0xx_hal_flash.o(i.HAL_FLASH_Program) for HAL_FLASH_Program
    eeprom.o(i.EE_Format) refers to eeprom.o(.data) for .data
    eeprom.o(i.EE_Init) refers to eeprom.o(i.__EE_Init) for __EE_Init
    eeprom.o(i.EE_Init) refers to eeprom.o(i.InitCurrWrAddress) for InitCurrWrAddress
    eeprom.o(i.EE_PageTransfer) refers to eeprom.o(i.EE_FindValidPage) for EE_FindValidPage
    eeprom.o(i.EE_PageTransfer) refers to stm32g0xx_hal_flash.o(i.HAL_FLASH_Program) for HAL_FLASH_Program
    eeprom.o(i.EE_PageTransfer) refers to eeprom.o(i.InitCurrWrAddress) for InitCurrWrAddress
    eeprom.o(i.EE_PageTransfer) refers to eeprom.o(i.EE_VerifyPageFullWriteVariable) for EE_VerifyPageFullWriteVariable
    eeprom.o(i.EE_PageTransfer) refers to eeprom.o(i.EE_ReadVariable) for EE_ReadVariable
    eeprom.o(i.EE_PageTransfer) refers to stm32g0xx_hal_flash_ex.o(i.HAL_FLASHEx_Erase) for HAL_FLASHEx_Erase
    eeprom.o(i.EE_PageTransfer) refers to struct_all.o(.data) for VirtAddVarTab
    eeprom.o(i.EE_PageTransfer) refers to eeprom.o(.data) for .data
    eeprom.o(i.EE_ReadVariable) refers to eeprom.o(i.EE_FindValidPage) for EE_FindValidPage
    eeprom.o(i.EE_ReadVariable) refers to eeprom.o(.data) for .data
    eeprom.o(i.EE_VerifyPageFullWriteVariable) refers to eeprom.o(i.EE_FindValidPage) for EE_FindValidPage
    eeprom.o(i.EE_VerifyPageFullWriteVariable) refers to stm32g0xx_hal_flash.o(i.HAL_FLASH_Program) for HAL_FLASH_Program
    eeprom.o(i.EE_VerifyPageFullWriteVariable) refers to eeprom.o(.data) for .data
    eeprom.o(i.EE_WriteVariable) refers to eeprom.o(i.EE_VerifyPageFullWriteVariable) for EE_VerifyPageFullWriteVariable
    eeprom.o(i.EE_WriteVariable) refers to eeprom.o(i.EE_PageTransfer) for EE_PageTransfer
    eeprom.o(i.InitCurrWrAddress) refers to eeprom.o(i.EE_FindValidPage) for EE_FindValidPage
    eeprom.o(i.InitCurrWrAddress) refers to eeprom.o(.data) for .data
    eeprom.o(i.__EE_Init) refers to stm32g0xx_hal_flash_ex.o(i.HAL_FLASHEx_Erase) for HAL_FLASHEx_Erase
    eeprom.o(i.__EE_Init) refers to eeprom.o(i.EE_Format) for EE_Format
    eeprom.o(i.__EE_Init) refers to stm32g0xx_hal_flash.o(i.HAL_FLASH_Program) for HAL_FLASH_Program
    eeprom.o(i.__EE_Init) refers to eeprom.o(i.EE_ReadVariable) for EE_ReadVariable
    eeprom.o(i.__EE_Init) refers to eeprom.o(i.EE_VerifyPageFullWriteVariable) for EE_VerifyPageFullWriteVariable
    eeprom.o(i.__EE_Init) refers to eeprom.o(.data) for .data
    eeprom.o(i.__EE_Init) refers to struct_all.o(.data) for VirtAddVarTab
    i2c_mpu6050.o(i.Do_ACC_Offset) refers to i2c_mpu6050.o(.data) for .data
    i2c_mpu6050.o(i.Do_GYRO_Offset) refers to i2c_mpu6050.o(.data) for .data
    i2c_mpu6050.o(i.InitMPU6050) refers to i2c_mpu6050.o(i.Single_ReadI2C) for Single_ReadI2C
    i2c_mpu6050.o(i.InitMPU6050) refers to i2c_mpu6050.o(i.Single_WriteI2C) for Single_WriteI2C
    i2c_mpu6050.o(i.MPU6050_Compose) refers to i2c_mpu6050.o(i.MPU6050_Offset) for MPU6050_Offset
    i2c_mpu6050.o(i.MPU6050_Compose) refers to i2c_mpu6050.o(.bss) for .bss
    i2c_mpu6050.o(i.MPU6050_Compose) refers to struct_all.o(.data) for offset_acc
    i2c_mpu6050.o(i.MPU6050_Compose) refers to struct_all.o(.data) for acc
    i2c_mpu6050.o(i.MPU6050_Compose) refers to struct_all.o(.data) for gyro
    i2c_mpu6050.o(i.MPU6050_Offset) refers to idiv.o(.text) for __aeabi_idivmod
    i2c_mpu6050.o(i.MPU6050_Offset) refers to struct_all.o(i.EEPROM_SAVE_ACC_OFFSET) for EEPROM_SAVE_ACC_OFFSET
[...]
    i.HAL_InitTick                           0x080028a0   Section        0  stm32g0xx_hal.o(i.HAL_InitTick)
    i.HAL_MspInit                            0x080028e8   Section        0  stm32g0xx_hal_msp.o(i.HAL_MspInit)
    i.HAL_NVIC_EnableIRQ                     0x08002914   Section        0  stm32g0xx_hal_cortex.o(i.HAL_NVIC_EnableIRQ)
    i.HAL_NVIC_SetPriority                   0x0800292c   Section        0  stm32g0xx_hal_cortex.o(i.HAL_NVIC_SetPriority)
    i.HAL_PWREx_ControlVoltageScaling        0x08002934   Section        0  stm32g0xx_hal_pwr_ex.o(i.HAL_PWREx_ControlVoltageScaling)
    i.HAL_RCCEx_PeriphCLKConfig              0x08002980   Section        0  stm32g0xx_hal_rcc_ex.o(i.HAL_RCCEx_PeriphCLKConfig)
    i.HAL_RCC_ClockConfig                    0x08002acc   Section        0  stm32g0xx_hal_rcc.o(i.HAL_RCC_ClockConfig)
    i.HAL_RCC_GetPCLK1Freq                   0x08002c24   Section        0  stm32g0xx_hal_rcc.o(i.HAL_RCC_GetPCLK1Freq)
    i.HAL_RCC_GetSysClockFreq                0x08002c4c   Section        0  stm32g0xx_hal_rcc.o(i.HAL_RCC_GetSysClockFreq)
    i.HAL_RCC_OscConfig                      0x08002cd8   Section        0  stm32g0xx_hal_rcc.o(i.HAL_RCC_OscConfig)
    i.HAL_SYSTICK_Config                     0x080030b8   Section        0  stm32g0xx_hal_cortex.o(i.HAL_SYSTICK_Config)
    i.HAL_TIMEx_Break2Callback               0x080030e8   Section        0  stm32g0xx_hal_tim_ex.o(i.HAL_TIMEx_Break2Callback)
    i.HAL_TIMEx_BreakCallback                0x080030ea   Section        0  stm32g0xx_hal_tim_ex.o(i.HAL_TIMEx_BreakCallback)
    i.HAL_TIMEx_CommutCallback               0x080030ec   Section        0  stm32g0xx_hal_tim_ex.o(i.HAL_TIMEx_CommutCallback)
    i.HAL_TIMEx_ConfigBreakDeadTime          0x080030f0   Section        0  stm32g0xx_hal_tim_ex.o(i.HAL_TIMEx_ConfigBreakDeadTime)
    i.HAL_TIMEx_MasterConfigSynchronization  0x0800319c   Section        0  stm32g0xx_hal_tim_ex.o(i.HAL_TIMEx_MasterConfigSynchronization)
    i.HAL_TIM_Base_Init                      0x080031f0   Section        0  stm32g0xx_hal_tim.o(i.HAL_TIM_Base_Init)
    i.HAL_TIM_Base_MspInit                   0x08003224   Section        0  tim.o(i.HAL_TIM_Base_MspInit)
    i.HAL_TIM_Base_Start_IT                  0x08003278   Section        0  stm32g0xx_hal_tim.o(i.HAL_TIM_Base_Start_IT)
    i.HAL_TIM_ConfigClockSource              0x080032a4   Section        0  stm32g0xx_hal_tim.o(i.HAL_TIM_ConfigClockSource)
    i.HAL_TIM_IC_CaptureCallback             0x0800337c   Section        0  stm32g0xx_hal_tim.o(i.HAL_TIM_IC_CaptureCallback)
    i.HAL_TIM_IRQHandler                     0x08003380   Section        0  stm32g0xx_hal_tim.o(i.HAL_TIM_IRQHandler)
    i.HAL_TIM_MspPostInit                    0x08003504   Section        0  tim.o(i.HAL_TIM_MspPostInit)
    i.HAL_TIM_OC_DelayElapsedCallback        0x08003574   Section        0  stm32g0xx_hal_tim.o(i.HAL_TIM_OC_DelayElapsedCallback)
    i.HAL_TIM_PWM_ConfigChannel              0x08003576   Section        0  stm32g0xx_hal_tim.o(i.HAL_TIM_PWM_ConfigChannel)
    i.HAL_TIM_PWM_Init                       0x0800369c   Section        0  stm32g0xx_hal_tim.o(i.HAL_TIM_PWM_Init)
    i.HAL_TIM_PWM_MspInit                    0x080036d0   Section        0  stm32g0xx_hal_tim.o(i.HAL_TIM_PWM_MspInit)
    i.HAL_TIM_PWM_PulseFinishedCallback      0x080036d2   Section        0  stm32g0xx_hal_tim.o(i.HAL_TIM_PWM_PulseFinishedCallback)
    i.HAL_TIM_PWM_Start                      0x080036d4   Section        0  stm32g0xx_hal_tim.o(i.HAL_TIM_PWM_Start)
    i.HAL_TIM_PeriodElapsedCallback          0x0800372c   Section        0  tim.o(i.HAL_TIM_PeriodElapsedCallback)
    i.HAL_TIM_TriggerCallback                0x0800376c   Section        0  stm32g0xx_hal_tim.o(i.HAL_TIM_TriggerCallback)
    i.HAL_UARTEx_RxFifoFullCallback          0x0800376e   Section        0  stm32g0xx_hal_uart_ex.o(i.HAL_UARTEx_RxFifoFullCallback)
    i.HAL_UARTEx_TxFifoEmptyCallback         0x08003770   Section        0  stm32g0xx_hal_uart_ex.o(i.HAL_UARTEx_TxFifoEmptyCallback)
    i.HAL_UARTEx_WakeupCallback              0x08003772   Section        0  stm32g0xx_hal_uart_ex.o(i.HAL_UARTEx_WakeupCallback)
    i.HAL_UART_ErrorCallback                 0x08003774   Section        0  stm32g0xx_hal_uart.o(i.HAL_UART_ErrorCallback)
    i.HAL_UART_IRQHandler                    0x08003778   Section        0  stm32g0xx_hal_uart.o(i.HAL_UART_IRQHandler)
    i.HAL_UART_Init                          0x080038fc   Section        0  stm32g0xx_hal_uart.o(i.HAL_UART_Init)
    i.HAL_UART_MspInit                       0x0800396c   Section        0  usart.o(i.HAL_UART_MspInit)
    i.HAL_UART_Transmit                      0x080039d8   Section        0  stm32g0xx_hal_uart.o(i.HAL_UART_Transmit)
    i.HAL_UART_TxCpltCallback                0x08003ab8   Section        0  stm32g0xx_hal_uart.o(i.HAL_UART_TxCpltCallback)
    i.HardFault_Handler                      0x08003aba   Section        0  stm32g0xx_it.o(i.HardFault_Handler)
    i.I2C_NACK                               0x08003abc   Section        0  i2c_mpu6050.o(i.I2C_NACK)
    I2C_NACK                                 0x08003abd   Thumb Code    42  i2c_mpu6050.o(i.I2C_NACK)
    i.I2C_ReadByte                           0x08003aec   Section        0  i2c_mpu6050.o(i.I2C_ReadByte)
    I2C_ReadByte                             0x08003aed   Thumb Code    72  i2c_mpu6050.o(i.I2C_ReadByte)
    i.I2C_Start                              0x08003b38   Section        0  i2c_mpu6050.o(i.I2C_Start)
    I2C_Start                                0x08003b39   Thumb Code    64  i2c_mpu6050.o(i.I2C_Start)
    i.I2C_Stop                               0x08003b7c   Section        0  i2c_mpu6050.o(i.I2C_Stop)
    I2C_Stop                                 0x08003b7d   Thumb Code    42  i2c_mpu6050.o(i.I2C_Stop)
    i.I2C_WaitAck                            0x08003bac   Section        0  i2c_mpu6050.o(i.I2C_WaitAck)
    I2C_WaitAck                              0x08003bad   Thumb Code    58  i2c_mpu6050.o(i.I2C_WaitAck)
    i.I2C_WriteByte                          0x08003bec   Section        0  i2c_mpu6050.o(i.I2C_WriteByte)
    I2C_WriteByte                            0x08003bed   Thumb Code    72  i2c_mpu6050.o(i.I2C_WriteByte)
    i.IMUupdate                              0x08003c38   Section        0  imu.o(i.IMUupdate)
    i.InitCurrWrAddress                      0x08003f54   Section        0  eeprom.o(i.InitCurrWrAddress)
    i.InitMPU6050                            0x08003fa0   Section        0  i2c_mpu6050.o(i.InitMPU6050)
    i.LED_OFF                                0x08004000   Section        0  led.o(i.LED_OFF)
    i.LED_ON                                 0x08004038   Section        0  led.o(i.LED_ON)
    i.LED_ON_Frequency                       0x08004074   Section        0  led.o(i.LED_ON_Frequency)
    i.LED_ON_OFF                             0x080040c4   Section        0  led.o(i.LED_ON_OFF)
    i.LL_ADC_IsEnabled                       0x0800410a   Section        0  stm32g0xx_hal_adc.o(i.LL_ADC_IsEnabled)
    LL_ADC_IsEnabled                         0x0800410b   Thumb Code     8  stm32g0xx_hal_adc.o(i.LL_ADC_IsEnabled)
    i.LL_ADC_REG_IsConversionOngoing         0x08004112   Section        0  stm32g0xx_hal_adc.o(i.LL_ADC_REG_IsConversionOngoing)
    LL_ADC_REG_IsConversionOngoing           0x08004113   Thumb Code     8  stm32g0xx_hal_adc.o(i.LL_ADC_REG_IsConversionOngoing)
    i.LL_ADC_REG_IsTriggerSourceSWStart      0x0800411a   Section        0  stm32g0xx_hal_adc.o(i.LL_ADC_REG_IsTriggerSourceSWStart)
    LL_ADC_REG_IsTriggerSourceSWStart        0x0800411b   Thumb Code    16  stm32g0xx_hal_adc.o(i.LL_ADC_REG_IsTriggerSourceSWStart)
    i.LL_ADC_SetAnalogWDMonitChannels        0x0800412c   Section        0  stm32g0xx_hal_adc.o(i.LL_ADC_SetAnalogWDMonitChannels)
    LL_ADC_SetAnalogWDMonitChannels          0x0800412d   Thumb Code    38  stm32g0xx_hal_adc.o(i.LL_ADC_SetAnalogWDMonitChannels)
    i.LL_ADC_SetCommonPathInternalCh         0x0800415c   Section        0  stm32g0xx_hal_adc.o(i.LL_ADC_SetCommonPathInternalCh)
    LL_ADC_SetCommonPathInternalCh           0x0800415d   Thumb Code    14  stm32g0xx_hal_adc.o(i.LL_ADC_SetCommonPathInternalCh)
    i.LL_ADC_SetSamplingTimeCommonChannels   0x0800416a   Section        0  stm32g0xx_hal_adc.o(i.LL_ADC_SetSamplingTimeCommonChannels)
    LL_ADC_SetSamplingTimeCommonChannels     0x0800416b   Thumb Code    22  stm32g0xx_hal_adc.o(i.LL_ADC_SetSamplingTimeCommonChannels)
    i.MPU6050_Compose                        0x08004180   Section        0  i2c_mpu6050.o(i.MPU6050_Compose)
    i.MPU6050_Offset                         0x08004208   Section        0  i2c_mpu6050.o(i.MPU6050_Offset)
    i.MPU6050_SequenceRead                   0x08004310   Section        0  i2c_mpu6050.o(i.MPU6050_SequenceRead)
    i.MPU6050_SingleRead                     0x080043a8   Section        0  i2c_mpu6050.o(i.MPU6050_SingleRead)
    i.MX_ADC1_Init                           0x08004414   Section        0  adc.o(i.MX_ADC1_Init)
    i.MX_DMA_Init                            0x080044a8   Section        0  dma.o(i.MX_DMA_Init)
    i.MX_GPIO_Init                           0x080044d0   Section        0  gpio.o(i.MX_GPIO_Init)
    i.MX_TIM1_Init                           0x080045a0   Section        0  tim.o(i.MX_TIM1_Init)
    i.MX_TIM3_Init                           0x080046c0   Section        0  tim.o(i.MX_TIM3_Init)
    i.MX_USART2_UART_Init                    0x08004730   Section        0  usart.o(i.MX_USART2_UART_Init)
    i.Motor_Out                              0x0800476c   Section        0  motor.o(i.Motor_Out)
    i.NMI_Handler                            0x080047c0   Section        0  stm32g0xx_it.o(i.NMI_Handler)
    i.PID_Reset                              0x080047c4   Section        0  struct_all.o(i.PID_Reset)
    i.PendSV_Handler                         0x08004814   Section        0  stm32g0xx_it.o(i.PendSV_Handler)
    i.Print_MSP_ATTITUDE                     0x08004818   Section        0  protocol.o(i.Print_MSP_ATTITUDE)
    i.Print_MSP_FLY_DATA                     0x08004890   Section        0  protocol.o(i.Print_MSP_FLY_DATA)
    i.Print_MSP_RAW_IMU                      0x080049d4   Section        0  protocol.o(i.Print_MSP_RAW_IMU)
    i.RC_LOCK                                0x08004abc   Section        0  control.o(i.RC_LOCK)
    i.RC_Limit                               0x08004bac   Section        0  control.o(i.RC_Limit)
    i.SVC_Handler                            0x08004c34   Section        0  stm32g0xx_it.o(i.SVC_Handler)
    i.Send_Data_Back                         0x08004c38   Section        0  uart_bluetooth.o(i.Send_Data_Back)
    i.Single_ReadI2C                         0x08004c6c   Section        0  i2c_mpu6050.o(i.Single_ReadI2C)
    Single_ReadI2C                           0x08004c6d   Thumb Code    76  i2c_mpu6050.o(i.Single_ReadI2C)
    i.Single_WriteI2C                        0x08004cb8   Section        0  i2c_mpu6050.o(i.Single_WriteI2C)
    Single_WriteI2C                          0x08004cb9   Thumb Code    64  i2c_mpu6050.o(i.Single_WriteI2C)
    i.SysTick_Handler                        0x08004cf8   Section        0  stm32g0xx_it.o(i.SysTick_Handler)
    i.SystemClock_Config                     0x08004d00   Section        0  main.o(i.SystemClock_Config)
    i.SystemInit                             0x08004d70   Section        0  system_stm32g0xx.o(i.SystemInit)
    i.TIM3_IRQHandler                        0x08004d80   Section        0  stm32g0xx_it.o(i.TIM3_IRQHandler)
    i.TIM_Base_SetConfig                     0x08004d90   Section        0  stm32g0xx_hal_tim.o(i.TIM_Base_SetConfig)
    i.TIM_CCxChannelCmd                      0x08004e08   Section        0  stm32g0xx_hal_tim.o(i.TIM_CCxChannelCmd)
    i.TIM_ETR_SetConfig                      0x08004e22   Section        0  stm32g0xx_hal_tim.o(i.TIM_ETR_SetConfig)
    i.TIM_ITRx_SetConfig                     0x08004e38   Section        0  stm32g0xx_hal_tim.o(i.TIM_ITRx_SetConfig)
    TIM_ITRx_SetConfig                       0x08004e39   Thumb Code    16  stm32g0xx_hal_tim.o(i.TIM_ITRx_SetConfig)
    i.TIM_Init                               0x08004e4c   Section        0  tim.o(i.TIM_Init)
    i.TIM_OC1_SetConfig                      0x08004e9c   Section        0  stm32g0xx_hal_tim.o(i.TIM_OC1_SetConfig)
    TIM_OC1_SetConfig                        0x08004e9d   Thumb Code   108  stm32g0xx_hal_tim.o(i.TIM_OC1_SetConfig)
    i.TIM_OC2_SetConfig                      0x08004f18   Section        0  stm32g0xx_hal_tim.o(i.TIM_OC2_SetConfig)
    i.TIM_OC3_SetConfig                      0x08004f94   Section        0  stm32g0xx_hal_tim.o(i.TIM_OC3_SetConfig)
    TIM_OC3_SetConfig                        0x08004f95   Thumb Code   108  stm32g0xx_hal_tim.o(i.TIM_OC3_SetConfig)
    i.TIM_OC4_SetConfig                      0x08005010   Section        0  stm32g0xx_hal_tim.o(i.TIM_OC4_SetConfig)
    TIM_OC4_SetConfig                        0x08005011   Thumb Code    90  stm32g0xx_hal_tim.o(i.TIM_OC4_SetConfig)
    i.TIM_OC5_SetConfig                      0x0800507c   Section        0  stm32g0xx_hal_tim.o(i.TIM_OC5_SetConfig)
    TIM_OC5_SetConfig                        0x0800507d   Thumb Code    74  stm32g0xx_hal_tim.o(i.TIM_OC5_SetConfig)
    i.TIM_OC6_SetConfig                      0x080050d8   Section        0  stm32g0xx_hal_tim.o(i.TIM_OC6_SetConfig)
    TIM_OC6_SetConfig                        0x080050d9   Thumb Code    84  stm32g0xx_hal_tim.o(i.TIM_OC6_SetConfig)
    i.TIM_TI1_ConfigInputStage               0x0800513c   Section        0  stm32g0xx_hal_tim.o(i.TIM_TI1_ConfigInputStage)
    TIM_TI1_ConfigInputStage                 0x0800513d   Thumb Code    34  stm32g0xx_hal_tim.o(i.TIM_TI1_ConfigInputStage)
    i.TIM_TI2_ConfigInputStage               0x0800515e   Section        0  stm32g0xx_hal_tim.o(i.TIM_TI2_ConfigInputStage)
    TIM_TI2_ConfigInputStage                 0x0800515f   Thumb Code    38  stm32g0xx_hal_tim.o(i.TIM_TI2_ConfigInputStage)
    i.Task_1000HZ                            0x08005184   Section        0  tasks.o(i.Task_1000HZ)
    i.Task_10HZ                              0x08005200   Section        0  tasks.o(i.Task_10HZ)
    i.Task_250HZ                             0x08005208   Section        0  tasks.o(i.Task_250HZ)
    i.Task_500HZ                             0x08005224   Section        0  tasks.o(i.Task_500HZ)
    i.UART_AdvFeatureConfig                  0x08005240   Section        0  stm32g0xx_hal_uart.o(i.UART_AdvFeatureConfig)
    i.UART_CheckIdleState                    0x0800530c   Section        0  stm32g0xx_hal_uart.o(i.UART_CheckIdleState)
    i.UART_DMAAbortOnError                   0x08005370   Section        0  stm32g0xx_hal_uart.o(i.UART_DMAAbortOnError)
    UART_DMAAbortOnError                     0x08005371   Thumb Code    20  stm32g0xx_hal_uart.o(i.UART_DMAAbortOnError)
    i.UART_EndRxTransfer                     0x08005384   Section        0  stm32g0xx_hal_uart.o(i.UART_EndRxTransfer)
    UART_EndRxTransfer                       0x08005385   Thumb Code    34  stm32g0xx_hal_uart.o(i.UART_EndRxTransfer)
    i.UART_SetConfig                         0x080053ac   Section        0  stm32g0xx_hal_uart.o(i.UART_SetConfig)
    i.UART_WaitOnFlagUntilTimeout            0x0800568c   Section        0  stm32g0xx_hal_uart.o(i.UART_WaitOnFlagUntilTimeout)
    i.USART2_IRQHandler                      0x080056f4   Section        0  stm32g0xx_it.o(i.USART2_IRQHandler)
    i.__ARM_clz                              0x08005704   Section        0  depilogue.o(i.__ARM_clz)
    i.__ARM_fpclassify                       0x08005734   Section        0  fpclassify.o(i.__ARM_fpclassify)
    i.__EE_Init                              0x08005760   Section        0  eeprom.o(i.__EE_Init)
    i.__NVIC_SetPriority                     0x080058a8   Section        0  stm32g0xx_hal_cortex.o(i.__NVIC_SetPriority)
    __NVIC_SetPriority                       0x080058a9   Thumb Code    60  stm32g0xx_hal_cortex.o(i.__NVIC_SetPriority)
    i.__kernel_poly                          0x080058ec   Section        0  poly.o(i.__kernel_poly)
    i.__mathlib_dbl_infnan                   0x08005998   Section        0  dunder.o(i.__mathlib_dbl_infnan)
    i.__mathlib_dbl_infnan2                  0x080059a2   Section        0  dunder.o(i.__mathlib_dbl_infnan2)
    i.__mathlib_dbl_invalid                  0x080059aa   Section        0  dunder.o(i.__mathlib_dbl_invalid)
    i.__mathlib_dbl_underflow                0x080059bc   Section        0  dunder.o(i.__mathlib_dbl_underflow)
    i.__scatterload_copy                     0x080059d0   Section       14  handlers.o(i.__scatterload_copy)
    i.__scatterload_null                     0x080059de   Section        2  handlers.o(i.__scatterload_null)
    i.__scatterload_zeroinit                 0x080059e0   Section       14  handlers.o(i.__scatterload_zeroinit)
    i.__set_errno                            0x080059f0   Section        0  errno.o(i.__set_errno)
    i.asin                                   0x080059fc   Section        0  asin.o(i.asin)
    i.atan                                   0x08005c70   Section        0  atan.o(i.atan)
    i.atan2                                  0x08005e8c   Section        0  atan2.o(i.atan2)
    i.invSqrt                                0x08006004   Section        0  maths.o(i.invSqrt)
    i.main                                   0x08006038   Section        0  main.o(i.main)
    i.sqrt                                   0x080060a8   Section        0  sqrt.o(i.sqrt)
    .constdata                               0x080060f0   Section       64  system_stm32g0xx.o(.constdata)
    .constdata                               0x08006130   Section       32  system_stm32g0xx.o(.constdata)
    .constdata                               0x08006150   Section       80  asin.o(.constdata)
    pS                                       0x08006150   Data          48  asin.o(.constdata)
    qS                                       0x08006180   Data          32  asin.o(.constdata)
    .constdata                               0x080061a0   Section      152  atan.o(.constdata)
    atanhi                                   0x080061a0   Data          32  atan.o(.constdata)
    atanlo                                   0x080061c0   Data          32  atan.o(.constdata)
    aTodd                                    0x080061e0   Data          40  atan.o(.constdata)
    aTeven                                   0x08006208   Data          48  atan.o(.constdata)
    .constdata                               0x08006238   Section        8  qnan.o(.constdata)
    .data                                    0x20000000   Section       24  eeprom.o(.data)
    erase_initstruct                         0x2000000c   Data          12  eeprom.o(.data)
    .data                                    0x20000018   Section       28  i2c_mpu6050.o(.data)
    count_acc                                0x2000001a   Data           1  i2c_mpu6050.o(.data)
    count_gyro                               0x2000001b   Data           1  i2c_mpu6050.o(.data)
    ACC_X                                    0x2000001c   Data           4  i2c_mpu6050.o(.data)
    ACC_Y                                    0x20000020   Data           4  i2c_mpu6050.o(.data)
    ACC_Z                                    0x20000024   Data           4  i2c_mpu6050.o(.data)
    GYRO_X                                   0x20000028   Data           4  i2c_mpu6050.o(.data)
    GYRO_Y                                   0x2000002c   Data           4  i2c_mpu6050.o(.data)
    GYRO_Z                                   0x20000030   Data           4  i2c_mpu6050.o(.data)
    .data                                    0x20000034   Section        4  i2c_mpu6050.o(.data)
    .data                                    0x20000038   Section       12  led.o(.data)
    Light_On                                 0x20000038   Data           1  led.o(.data)
    Last_time                                0x2000003c   Data           4  led.o(.data)
    Now_time                                 0x20000040   Data           4  led.o(.data)
    .data                                    0x20000044   Section       50  struct_all.o(.data)
    .data                                    0x20000076   Section        6  struct_all.o(.data)
    .data                                    0x2000007c   Section        6  struct_all.o(.data)
    .data                                    0x20000082   Section        6  struct_all.o(.data)
    .data                                    0x20000088   Section        6  struct_all.o(.data)
    .data                                    0x2000008e   Section        4  control.o(.data)
    count0                                   0x2000008f   Data           1  control.o(.data)
    count1                                   0x20000090   Data           1  control.o(.data)
    count2                                   0x20000091   Data           1  control.o(.data)
    .data                                    0x20000094   Section       20  filter.o(.data)
    Filter_count                             0x20000094   Data           1  filter.o(.data)
    Filter_x                                 0x20000096   Data           4  filter.o(.data)
    Filter_y                                 0x2000009a   Data           4  filter.o(.data)
    Filter_z                                 0x2000009e   Data           4  filter.o(.data)
    ACC_IIR_FACTOR                           0x200000a4   Data           4  filter.o(.data)
    .data                                    0x200000a8   Section       28  imu.o(.data)
    .data                                    0x200000c4   Section        1  tasks.o(.data)
    .data                                    0x200000c6   Section        4  uart_bluetooth.o(.data)
    turn_count                               0x200000c6   Data           1  uart_bluetooth.o(.data)
    Bluetooth_Erro                           0x200000c8   Data           2  uart_bluetooth.o(.data)
    .data                                    0x200000cc   Section        8  adc.o(.data)
    Battery                                  0x200000cc   Data           2  adc.o(.data)
    .data                                    0x200000d4   Section        2  adc.o(.data)
    .data                                    0x200000d8   Section        8  tim.o(.data)
    .data                                    0x200000e0   Section        2  tim.o(.data)
    .data                                    0x200000e4   Section        4  system_stm32g0xx.o(.data)
    .data                                    0x200000e8   Section       12  stm32g0xx_hal.o(.data)
    .data                                    0x200000f4   Section        4  errno.o(.data)
    _errno                                   0x200000f4   Data           4  errno.o(.data)
    .bss                                     0x200000f8   Section       14  i2c_mpu6050.o(.bss)
    MPU6050_Buffer                           0x200000f8   Data          14  i2c_mpu6050.o(.bss)
    .bss                                     0x20000108   Section       12  struct_all.o(.bss)
    .bss                                     0x20000114   Section       16  struct_all.o(.bss)
    .bss                                     0x20000124   Section       12  struct_all.o(.bss)
    .bss                                     0x20000130   Section      100  struct_all.o(.bss)
    .bss                                     0x20000194   Section       48  control.o(.bss)
    control_angle                            0x20000194   Data          12  control.o(.bss)
    last_angle                               0x200001a0   Data          12  control.o(.bss)
    control_gyro                             0x200001ac   Data          12  control.o(.bss)
    last_gyro                                0x200001b8   Data          12  control.o(.bss)
    .bss                                     0x200001c4   Section       32  uart_bluetooth.o(.bss)
    .bss                                     0x200001e4   Section      192  adc.o(.bss)
    .bss                                     0x200002a4   Section      128  tim.o(.bss)
    .bss                                     0x20000324   Section      396  usart.o(.bss)
    TxBuff                                   0x20000324   Data         256  usart.o(.bss)
    .bss                                     0x200004b0   Section       24  stm32g0xx_hal_flash.o(.bss)
    STACK                                    0x200004c8   Section     1024  startup_stm32g030xx.o(STACK)

    Global Symbols

    Symbol Name                              Value     Ov Type        Size  Object(Section)

    BuildAttributes$$THM_ISAv3M$S$PE$A:L22$X:L11$S22$IEEE1$IW$USESV6$~STKCKD$USESV7$~SHL$OTIME$ROPI$IEEEX$EBA8$MICROLIB$REQ8$PRES8$EABIv2 0x00000000   Number         0  anon$$obj.o ABSOLUTE
    __ARM_use_no_argv                        0x00000000   Number         0  main.o ABSOLUTE
    __cpp_initialize__aeabi_                  - Undefined Weak Reference
    __cxa_finalize                            - Undefined Weak Reference
    __decompress                              - Undefined Weak Reference
    _clock_init                               - Undefined Weak Reference
    _microlib_exit                            - Undefined Weak Reference
    __Vectors_Size                           0x000000c0   Number         0  startup_stm32g030xx.o ABSOLUTE
    __Vectors                                0x08000000   Data           4  startup_stm32g030xx.o(RESET)
    __Vectors_End                            0x080000c0   Data           0  startup_stm32g030xx.o(RESET)
    __main                                   0x080000c1   Thumb Code     0  entry.o(.ARM.Collect$$$$00000000)
    _main_stk                                0x080000c1   Thumb Code     0  entry2.o(.ARM.Collect$$$$00000001)
    _main_scatterload                        0x080000c5   Thumb Code     0  entry5.o(.ARM.Collect$$$$00000004)
    __main_after_scatterload                 0x080000c9   Thumb Code     0  entry5.o(.ARM.Collect$$$$00000004)
    _main_clock                              0x080000c9   Thumb Code     0  entry7b.o(.ARM.Collect$$$$00000008)
    _main_cpp_init                           0x080000c9   Thumb Code     0  entry8b.o(.ARM.Collect$$$$0000000A)
    _main_init                               0x080000c9   Thumb Code     0  entry9a.o(.ARM.Collect$$$$0000000B)
    __rt_final_cpp                           0x080000d1   Thumb Code     0  entry10a.o(.ARM.Collect$$$$0000000D)
    __rt_final_exit                          0x080000d1   Thumb Code     0  entry11a.o(.ARM.Collect$$$$0000000F)
    Reset_Handler                            0x080000d5   Thumb Code     8  startup_stm32g030xx.o(.text)
    ADC1_IRQHandler                          0x080000e7   Thumb Code     0  startup_stm32g030xx.o(.text)
    DMA1_Ch4_5_DMAMUX1_OVR_IRQHandler        0x080000e7   Thumb Code     0  startup_stm32g030xx.o(.text)
    DMA1_Channel2_3_IRQHandler               0x080000e7   Thumb Code     0  startup_stm32g030xx.o(.text)
    EXTI0_1_IRQHandler                       0x080000e7   Thumb Code     0  startup_stm32g030xx.o(.text)
    EXTI2_3_IRQHandler                       0x080000e7   Thumb Code     0  startup_stm32g030xx.o(.text)
    EXTI4_15_IRQHandler                      0x080000e7   Thumb Code     0  startup_stm32g030xx.o(.text)
    FLASH_IRQHandler                         0x080000e7   Thumb Code     0  startup_stm32g030xx.o(.text)
    I2C1_IRQHandler                          0x080000e7   Thumb Code     0  startup_stm32g030xx.o(.text)
    I2C2_IRQHandler                          0x080000e7   Thumb Code     0  startup_stm32g030xx.o(.text)
    RCC_IRQHandler                           0x080000e7   Thumb Code     0  startup_stm32g030xx.o(.text)
    RTC_TAMP_IRQHandler                      0x080000e7   Thumb Code     0  startup_stm32g030xx.o(.text)
    SPI1_IRQHandler                          0x080000e7   Thumb Code     0  startup_stm32g030xx.o(.text)
    SPI2_IRQHandler                          0x080000e7   Thumb Code     0  startup_stm32g030xx.o(.text)
    TIM14_IRQHandler                         0x080000e7   Thumb Code     0  startup_stm32g030xx.o(.text)
    TIM16_IRQHandler                         0x080000e7   Thumb Code     0  startup_stm32g030xx.o(.text)
    TIM17_IRQHandler                         0x080000e7   Thumb Code     0  startup_stm32g030xx.o(.text)
    TIM1_BRK_UP_TRG_COM_IRQHandler           0x080000e7   Thumb Code     0  startup_stm32g030xx.o(.text)
    TIM1_CC_IRQHandler                       0x080000e7   Thumb Code     0  startup_stm32g030xx.o(.text)
    USART1_IRQHandler                        0x080000e7   Thumb Code     0  startup_stm32g030xx.o(.text)
    WWDG_IRQHandler                          0x080000e7   Thumb Code     0  startup_stm32g030xx.o(.text)
    __aeabi_uidiv                            0x080000f1   Thumb Code     0  uidiv.o(.text)
    __aeabi_uidivmod                         0x080000f1   Thumb Code    44  uidiv.o(.text)
    __aeabi_idiv                             0x0800011d   Thumb Code     0  idiv.o(.text)
    __aeabi_idivmod                          0x0800011d   Thumb Code    40  idiv.o(.text)
    __aeabi_memset                           0x08000145   Thumb Code    14  memseta.o(.text)
    __aeabi_memset4                          0x08000145   Thumb Code     0  memseta.o(.text)
    __aeabi_memset8                          0x08000145   Thumb Code     0  memseta.o(.text)
    __aeabi_memclr                           0x08000153   Thumb Code     4  memseta.o(.text)
    __aeabi_memclr4                          0x08000153   Thumb Code     0  memseta.o(.text)
    __aeabi_memclr8                          0x08000153   Thumb Code     0  memseta.o(.text)
    _memset$wrapper                          0x08000157   Thumb Code    18  memseta.o(.text)
    __aeabi_fadd                             0x08000169   Thumb Code   162  fadd.o(.text)
    __aeabi_fsub                             0x0800020b   Thumb Code     8  fadd.o(.text)
    __aeabi_frsub                            0x08000213   Thumb Code     8  fadd.o(.text)
    __aeabi_fmul                             0x0800021b   Thumb Code   122  fmul.o(.text)
    __aeabi_fdiv                             0x08000295   Thumb Code   124  fdiv.o(.text)
    __ARM_scalbnf                            0x08000311   Thumb Code    24  fscalb.o(.text)
    scalbnf                                  0x08000311   Thumb Code     0  fscalb.o(.text)
    __aeabi_dmul                             0x08000329   Thumb Code   202  dmul.o(.text)
    __aeabi_i2f                              0x080003f9   Thumb Code    22  fflti.o(.text)
    __aeabi_ui2f                             0x0800040f   Thumb Code    14  ffltui.o(.text)
    __aeabi_f2iz                             0x0800041d   Thumb Code    50  ffixi.o(.text)
    __aeabi_f2uiz                            0x0800044f   Thumb Code    40  ffixui.o(.text)
    __aeabi_f2d                              0x08000477   Thumb Code    40  f2d.o(.text)
    __aeabi_d2f                              0x0800049f   Thumb Code    56  d2f.o(.text)
    __I$use$fp                               0x080004d7   Thumb Code     0  iusefp.o(.text)
    _float_round                             0x080004d7   Thumb Code    16  fepilogue.o(.text)
    _float_epilogue                          0x080004e7   Thumb Code   114  fepilogue.o(.text)
    _double_round                            0x08000559   Thumb Code    26  depilogue.o(.text)
    _double_epilogue                         0x08000573   Thumb Code   164  depilogue.o(.text)
    __aeabi_dadd                             0x08000619   Thumb Code   328  dadd.o(.text)
    __aeabi_dsub                             0x08000761   Thumb Code    12  dadd.o(.text)
    __aeabi_drsub                            0x0800076d   Thumb Code    12  dadd.o(.text)
    __aeabi_ddiv                             0x0800077d   Thumb Code   234  ddiv.o(.text)
    __ARM_scalbn                             0x0800086d   Thumb Code    44  dscalb.o(.text)
    scalbn                                   0x0800086d   Thumb Code     0  dscalb.o(.text)
    __scatterload                            0x08000899   Thumb Code    28  init.o(.text)
    __scatterload_rt2                        0x08000899   Thumb Code     0  init.o(.text)
    __aeabi_llsl                             0x080008bd   Thumb Code    32  llshl.o(.text)
    _ll_shift_l                              0x080008bd   Thumb Code     0  llshl.o(.text)
    __aeabi_llsr                             0x080008dd   Thumb Code    34  llushr.o(.text)
    _ll_ushift_r                             0x080008dd   Thumb Code     0  llushr.o(.text)
    __aeabi_lasr                             0x080008ff   Thumb Code    38  llsshr.o(.text)
    _ll_sshift_r                             0x080008ff   Thumb Code     0  llsshr.o(.text)
    _dsqrt                                   0x08000925   Thumb Code   162  dsqrt.o(.text)
    ACC_IIR_Filter                           0x080009c9   Thumb Code   132  filter.o(i.ACC_IIR_Filter)
    ADC1_Init                                0x08000a51   Thumb Code    14  adc.o(i.ADC1_Init)
    ADC_Enable                               0x08000b0d   Thumb Code   112  stm32g0xx_hal_adc.o(i.ADC_Enable)
    BSP_Int                                  0x08000b81   Thumb Code    46  tasks.o(i.BSP_Int)
    Bluetooth_Connect                        0x08000d2d   Thumb Code    88  uart_bluetooth.o(i.Bluetooth_Connect)
    Bluetooth_Send_TX                        0x08000d99   Thumb Code    16  uart_bluetooth.o(i.Bluetooth_Send_TX)
    Calculate_FilteringCoefficient           0x08000db1   Thumb Code    44  filter.o(i.Calculate_FilteringCoefficient)
    Control_Angle                            0x08000de5   Thumb Code   394  control.o(i.Control_Angle)
    Control_Gyro                             0x08000f9d   Thumb Code   688  control.o(i.Control_Gyro)
    DMA1_Channel1_IRQHandler                 0x08001291   Thumb Code    10  stm32g0xx_it.o(i.DMA1_Channel1_IRQHandler)
    Delay_led                                0x0800133d   Thumb Code    26  led.o(i.Delay_led)
    Do_ACC_Offset                            0x0800135d   Thumb Code     8  i2c_mpu6050.o(i.Do_ACC_Offset)
    Do_GYRO_Offset                           0x08001369   Thumb Code     8  i2c_mpu6050.o(i.Do_GYRO_Offset)
    EEPROM_INIT                              0x08001375   Thumb Code    66  struct_all.o(i.EEPROM_INIT)
    EEPROM_READ_ACC_OFFSET                   0x080013bd   Thumb Code    54  struct_all.o(i.EEPROM_READ_ACC_OFFSET)
    EEPROM_READ_GYRO_OFFSET                  0x080013f9   Thumb Code    54  struct_all.o(i.EEPROM_READ_GYRO_OFFSET)
    EEPROM_READ_PID                          0x08001435   Thumb Code   232  struct_all.o(i.EEPROM_READ_PID)
    EEPROM_SAVE_ACC_OFFSET                   0x0800152d   Thumb Code    46  struct_all.o(i.EEPROM_SAVE_ACC_OFFSET)
    EEPROM_SAVE_GYRO_OFFSET                  0x08001561   Thumb Code    44  struct_all.o(i.EEPROM_SAVE_GYRO_OFFSET)
    EEPROM_SAVE_PID                          0x08001591   Thumb Code   216  struct_all.o(i.EEPROM_SAVE_PID)
    EE_Init                                  0x08001705   Thumb Code    16  eeprom.o(i.EE_Init)
    EE_ReadVariable                          0x080017bd   Thumb Code    60  eeprom.o(i.EE_ReadVariable)
    EE_WriteVariable                         0x0800185d   Thumb Code    24  eeprom.o(i.EE_WriteVariable)
    Error_Handler                            0x08001875   Thumb Code     2  main.o(i.Error_Handler)
    FLASH_PageErase                          0x0800188d   Thumb Code    22  stm32g0xx_hal_flash_ex.o(i.FLASH_PageErase)
    FLASH_WaitForLastOperation               0x080018fd   Thumb Code   102  stm32g0xx_hal_flash.o(i.FLASH_WaitForLastOperation)
    FailSafe                                 0x08001971   Thumb Code    46  advanced.o(i.FailSafe)
    Get_Checksum                             0x080019ad   Thumb Code    30  maths.o(i.Get_Checksum)
    Get_Eulerian_Angle                       0x080019cd   Thumb Code   196  imu.o(i.Get_Eulerian_Angle)
    Get_Radian                               0x08001a9d   Thumb Code    58  maths.o(i.Get_Radian)
    Gyro_Filter                              0x08001add   Thumb Code   114  filter.o(i.Gyro_Filter)
    HAL_ADC_AnalogWDGConfig                  0x08001b55   Thumb Code   632  stm32g0xx_hal_adc.o(i.HAL_ADC_AnalogWDGConfig)
    HAL_ADC_ConfigChannel                    0x08001ddd   Thumb Code   516  stm32g0xx_hal_adc.o(i.HAL_ADC_ConfigChannel)
    HAL_ADC_ConvCpltCallback                 0x08001ff9   Thumb Code    18  adc.o(i.HAL_ADC_ConvCpltCallback)
    HAL_ADC_ConvHalfCpltCallback             0x08002011   Thumb Code     2  stm32g0xx_hal_adc.o(i.HAL_ADC_ConvHalfCpltCallback)
    HAL_ADC_ErrorCallback                    0x08002013   Thumb Code     2  stm32g0xx_hal_adc.o(i.HAL_ADC_ErrorCallback)
    HAL_ADC_Init                             0x08002015   Thumb Code   558  stm32g0xx_hal_adc.o(i.HAL_ADC_Init)
    HAL_ADC_MspInit                          0x08002265   Thumb Code   132  adc.o(i.HAL_ADC_MspInit)
    HAL_ADC_Start_DMA                        0x080022f9   Thumb Code   158  stm32g0xx_hal_adc.o(i.HAL_ADC_Start_DMA)
    HAL_DMA_Abort_IT                         0x080023ad   Thumb Code   122  stm32g0xx_hal_dma.o(i.HAL_DMA_Abort_IT)
    HAL_DMA_IRQHandler                       0x0800242d   Thumb Code   180  stm32g0xx_hal_dma.o(i.HAL_DMA_IRQHandler)
    HAL_DMA_Init                             0x080024e5   Thumb Code   152  stm32g0xx_hal_dma.o(i.HAL_DMA_Init)
    HAL_DMA_Start_IT                         0x08002585   Thumb Code   138  stm32g0xx_hal_dma.o(i.HAL_DMA_Start_IT)
    HAL_FLASHEx_Erase                        0x08002615   Thumb Code   120  stm32g0xx_hal_flash_ex.o(i.HAL_FLASHEx_Erase)
    HAL_FLASH_Program                        0x08002695   Thumb Code    88  stm32g0xx_hal_flash.o(i.HAL_FLASH_Program)
    HAL_FLASH_Unlock                         0x080026f5   Thumb Code    28  stm32g0xx_hal_flash.o(i.HAL_FLASH_Unlock)
    HAL_GPIO_Init                            0x0800271d   Thumb Code   292  stm32g0xx_hal_gpio.o(i.HAL_GPIO_Init)
    HAL_GPIO_WritePin                        0x08002851   Thumb Code    12  stm32g0xx_hal_gpio.o(i.HAL_GPIO_WritePin)
    HAL_GetTick                              0x0800285d   Thumb Code     6  stm32g0xx_hal.o(i.HAL_GetTick)
    HAL_IncTick                              0x08002869   Thumb Code    12  stm32g0xx_hal.o(i.HAL_IncTick)
    HAL_Init                                 0x08002879   Thumb Code    36  stm32g0xx_hal.o(i.HAL_Init)
    HAL_InitTick                             0x080028a1   Thumb Code    64  stm32g0xx_hal.o(i.HAL_InitTick)
    HAL_MspInit                              0x080028e9   Thumb Code    38  stm32g0xx_hal_msp.o(i.HAL_MspInit)
    HAL_NVIC_EnableIRQ                       0x08002915   Thumb Code    18  stm32g0xx_hal_cortex.o(i.HAL_NVIC_EnableIRQ)
    HAL_NVIC_SetPriority                     0x0800292d   Thumb Code     8  stm32g0xx_hal_cortex.o(i.HAL_NVIC_SetPriority)
    HAL_PWREx_ControlVoltageScaling          0x08002935   Thumb Code    62  stm32g0xx_hal_pwr_ex.o(i.HAL_PWREx_ControlVoltageScaling)
    HAL_RCCEx_PeriphCLKConfig                0x08002981   Thumb Code   320  stm32g0xx_hal_rcc_ex.o(i.HAL_RCCEx_PeriphCLKConfig)
    HAL_RCC_ClockConfig                      0x08002acd   Thumb Code   318  stm32g0xx_hal_rcc.o(i.HAL_RCC_ClockConfig)
    HAL_RCC_GetPCLK1Freq                     0x08002c25   Thumb Code    26  stm32g0xx_hal_rcc.o(i.HAL_RCC_GetPCLK1Freq)
    HAL_RCC_GetSysClockFreq                  0x08002c4d   Thumb Code   130  stm32g0xx_hal_rcc.o(i.HAL_RCC_GetSysClockFreq)
    HAL_RCC_OscConfig                        0x08002cd9   Thumb Code   954  stm32g0xx_hal_rcc.o(i.HAL_RCC_OscConfig)
    HAL_SYSTICK_Config                       0x080030b9   Thumb Code    38  stm32g0xx_hal_cortex.o(i.HAL_SYSTICK_Config)
    HAL_TIMEx_Break2Callback                 0x080030e9   Thumb Code     2  stm32g0xx_hal_tim_ex.o(i.HAL_TIMEx_Break2Callback)
    HAL_TIMEx_BreakCallback                  0x080030eb   Thumb Code     2  stm32g0xx_hal_tim_ex.o(i.HAL_TIMEx_BreakCallback)
    HAL_TIMEx_CommutCallback                 0x080030ed   Thumb Code     2  stm32g0xx_hal_tim_ex.o(i.HAL_TIMEx_CommutCallback)
    HAL_TIMEx_ConfigBreakDeadTime            0x080030f1   Thumb Code   168  stm32g0xx_hal_tim_ex.o(i.HAL_TIMEx_ConfigBreakDeadTime)
    HAL_TIMEx_MasterConfigSynchronization    0x0800319d   Thumb Code    78  stm32g0xx_hal_tim_ex.o(i.HAL_TIMEx_MasterConfigSynchronization)
    HAL_TIM_Base_Init                        0x080031f1   Thumb Code    52  stm32g0xx_hal_tim.o(i.HAL_TIM_Base_Init)
    HAL_TIM_Base_MspInit                     0x08003225   Thumb Code    70  tim.o(i.HAL_TIM_Base_MspInit)
    HAL_TIM_Base_Start_IT                    0x08003279   Thumb Code    38  stm32g0xx_hal_tim.o(i.HAL_TIM_Base_Start_IT)
    HAL_TIM_ConfigClockSource                0x080032a5   Thumb Code   210  stm32g0xx_hal_tim.o(i.HAL_TIM_ConfigClockSource)
    HAL_TIM_IC_CaptureCallback               0x0800337d   Thumb Code     2  stm32g0xx_hal_tim.o(i.HAL_TIM_IC_CaptureCallback)
    HAL_TIM_IRQHandler                       0x08003381   Thumb Code   382  stm32g0xx_hal_tim.o(i.HAL_TIM_IRQHandler)
    HAL_TIM_MspPostInit                      0x08003505   Thumb Code    98  tim.o(i.HAL_TIM_MspPostInit)
    HAL_TIM_OC_DelayElapsedCallback          0x08003575   Thumb Code     2  stm32g0xx_hal_tim.o(i.HAL_TIM_OC_DelayElapsedCallback)
    HAL_TIM_PWM_ConfigChannel                0x08003577   Thumb Code   294  stm32g0xx_hal_tim.o(i.HAL_TIM_PWM_ConfigChannel)
    HAL_TIM_PWM_Init                         0x0800369d   Thumb Code    52  stm32g0xx_hal_tim.o(i.HAL_TIM_PWM_Init)
    HAL_TIM_PWM_MspInit                      0x080036d1   Thumb Code     2  stm32g0xx_hal_tim.o(i.HAL_TIM_PWM_MspInit)
    HAL_TIM_PWM_PulseFinishedCallback        0x080036d3   Thumb Code     2  stm32g0xx_hal_tim.o(i.HAL_TIM_PWM_PulseFinishedCallback)
    HAL_TIM_PWM_Start                        0x080036d5   Thumb Code    72  stm32g0xx_hal_tim.o(i.HAL_TIM_PWM_Start)
    HAL_TIM_PeriodElapsedCallback            0x0800372d   Thumb Code    52  tim.o(i.HAL_TIM_PeriodElapsedCallback)
    HAL_TIM_TriggerCallback                  0x0800376d   Thumb Code     2  stm32g0xx_hal_tim.o(i.HAL_TIM_TriggerCallback)
    HAL_UARTEx_RxFifoFullCallback            0x0800376f   Thumb Code     2  stm32g0xx_hal_uart_ex.o(i.HAL_UARTEx_RxFifoFullCallback)
    HAL_UARTEx_TxFifoEmptyCallback           0x08003771   Thumb Code     2  stm32g0xx_hal_uart_ex.o(i.HAL_UARTEx_TxFifoEmptyCallback)
    HAL_UARTEx_WakeupCallback                0x08003773   Thumb Code     2  stm32g0xx_hal_uart_ex.o(i.HAL_UARTEx_WakeupCallback)
    HAL_UART_ErrorCallback                   0x08003775   Thumb Code     2  stm32g0xx_hal_uart.o(i.HAL_UART_ErrorCallback)
    HAL_UART_IRQHandler                      0x08003779   Thumb Code   380  stm32g0xx_hal_uart.o(i.HAL_UART_IRQHandler)
    HAL_UART_Init                            0x080038fd   Thumb Code   112  stm32g0xx_hal_uart.o(i.HAL_UART_Init)
    HAL_UART_MspInit                         0x0800396d   Thumb Code   100  usart.o(i.HAL_UART_MspInit)
    HAL_UART_Transmit                        0x080039d9   Thumb Code   224  stm32g0xx_hal_uart.o(i.HAL_UART_Transmit)
    HAL_UART_TxCpltCallback                  0x08003ab9   Thumb Code     2  stm32g0xx_hal_uart.o(i.HAL_UART_TxCpltCallback)
    HardFault_Handler                        0x08003abb   Thumb Code     2  stm32g0xx_it.o(i.HardFault_Handler)
    IMUupdate                                0x08003c39   Thumb Code   770  imu.o(i.IMUupdate)
    InitCurrWrAddress                        0x08003f55   Thumb Code    60  eeprom.o(i.InitCurrWrAddress)
    InitMPU6050                              0x08003fa1   Thumb Code    90  i2c_mpu6050.o(i.InitMPU6050)
    LED_OFF                                  0x08004001   Thumb Code    48  led.o(i.LED_OFF)
    LED_ON                                   0x08004039   Thumb Code    50  led.o(i.LED_ON)
    LED_ON_Frequency                         0x08004075   Thumb Code    68  led.o(i.LED_ON_Frequency)
    LED_ON_OFF                               0x080040c5   Thumb Code    70  led.o(i.LED_ON_OFF)
    MPU6050_Compose                          0x08004181   Thumb Code   114  i2c_mpu6050.o(i.MPU6050_Compose)
    MPU6050_Offset                           0x08004209   Thumb Code   242  i2c_mpu6050.o(i.MPU6050_Offset)
    MPU6050_SequenceRead                     0x08004311   Thumb Code   144  i2c_mpu6050.o(i.MPU6050_SequenceRead)
    MPU6050_SingleRead                       0x080043a9   Thumb Code   102  i2c_mpu6050.o(i.MPU6050_SingleRead)
    MX_ADC1_Init                             0x08004415   Thumb Code   134  adc.o(i.MX_ADC1_Init)
    MX_DMA_Init                              0x080044a9   Thumb Code    36  dma.o(i.MX_DMA_Init)
    MX_GPIO_Init                             0x080044d1   Thumb Code   190  gpio.o(i.MX_GPIO_Init)
    MX_TIM1_Init                             0x080045a1   Thumb Code   276  tim.o(i.MX_TIM1_Init)
    MX_TIM3_Init                             0x080046c1   Thumb Code    98  tim.o(i.MX_TIM3_Init)
    MX_USART2_UART_Init                      0x08004731   Thumb Code    50  usart.o(i.MX_USART2_UART_Init)
    Motor_Out                                0x0800476d   Thumb Code    78  motor.o(i.Motor_Out)
    NMI_Handler                              0x080047c1   Thumb Code     2  stm32g0xx_it.o(i.NMI_Handler)
    PID_Reset                                0x080047c5   Thumb Code    58  struct_all.o(i.PID_Reset)
    PendSV_Handler                           0x08004815   Thumb Code     2  stm32g0xx_it.o(i.PendSV_Handler)
    Print_MSP_ATTITUDE                       0x08004819   Thumb Code   110  protocol.o(i.Print_MSP_ATTITUDE)
    Print_MSP_FLY_DATA                       0x08004891   Thumb Code   290  protocol.o(i.Print_MSP_FLY_DATA)
    Print_MSP_RAW_IMU                        0x080049d5   Thumb Code   220  protocol.o(i.Print_MSP_RAW_IMU)
    RC_LOCK                                  0x08004abd   Thumb Code   226  control.o(i.RC_LOCK)
    RC_Limit                                 0x08004bad   Thumb Code   136  control.o(i.RC_Limit)
    SVC_Handler                              0x08004c35   Thumb Code     2  stm32g0xx_it.o(i.SVC_Handler)
    Send_Data_Back                           0x08004c39   Thumb Code    48  uart_bluetooth.o(i.Send_Data_Back)
    SysTick_Handler                          0x08004cf9   Thumb Code     8  stm32g0xx_it.o(i.SysTick_Handler)
    SystemClock_Config                       0x08004d01   Thumb Code   110  main.o(i.SystemClock_Config)
    SystemInit                               0x08004d71   Thumb Code    10  system_stm32g0xx.o(i.SystemInit)
    TIM3_IRQHandler                          0x08004d81   Thumb Code    10  stm32g0xx_it.o(i.TIM3_IRQHandler)
    TIM_Base_SetConfig                       0x08004d91   Thumb Code   100  stm32g0xx_hal_tim.o(i.TIM_Base_SetConfig)
    TIM_CCxChannelCmd                        0x08004e09   Thumb Code    26  stm32g0xx_hal_tim.o(i.TIM_CCxChannelCmd)
    TIM_ETR_SetConfig                        0x08004e23   Thumb Code    22  stm32g0xx_hal_tim.o(i.TIM_ETR_SetConfig)
    TIM_Init                                 0x08004e4d   Thumb Code    76  tim.o(i.TIM_Init)
    TIM_OC2_SetConfig                        0x08004f19   Thumb Code   108  stm32g0xx_hal_tim.o(i.TIM_OC2_SetConfig)
    Task_1000HZ                              0x08005185   Thumb Code   100  tasks.o(i.Task_1000HZ)
    Task_10HZ                                0x08005201   Thumb Code     8  tasks.o(i.Task_10HZ)
    Task_250HZ                               0x08005209   Thumb Code    18  tasks.o(i.Task_250HZ)
    Task_500HZ                               0x08005225   Thumb Code    16  tasks.o(i.Task_500HZ)
    UART_AdvFeatureConfig                    0x08005241   Thumb Code   202  stm32g0xx_hal_uart.o(i.UART_AdvFeatureConfig)
    UART_CheckIdleState                      0x0800530d   Thumb Code    94  stm32g0xx_hal_uart.o(i.UART_CheckIdleState)
    UART_SetConfig                           0x080053ad   Thumb Code   706  stm32g0xx_hal_uart.o(i.UART_SetConfig)
    UART_WaitOnFlagUntilTimeout              0x0800568d   Thumb Code   102  stm32g0xx_hal_uart.o(i.UART_WaitOnFlagUntilTimeout)
    USART2_IRQHandler                        0x080056f5   Thumb Code    10  stm32g0xx_it.o(i.USART2_IRQHandler)
    __ARM_clz                                0x08005705   Thumb Code    46  depilogue.o(i.__ARM_clz)
    __ARM_fpclassify                         0x08005735   Thumb Code    40  fpclassify.o(i.__ARM_fpclassify)
    __EE_Init                                0x08005761   Thumb Code   302  eeprom.o(i.__EE_Init)
    __kernel_poly                            0x080058ed   Thumb Code   172  poly.o(i.__kernel_poly)
    __mathlib_dbl_infnan                     0x08005999   Thumb Code    10  dunder.o(i.__mathlib_dbl_infnan)
    __mathlib_dbl_infnan2                    0x080059a3   Thumb Code     8  dunder.o(i.__mathlib_dbl_infnan2)
    __mathlib_dbl_invalid                    0x080059ab   Thumb Code    16  dunder.o(i.__mathlib_dbl_invalid)
    __mathlib_dbl_underflow                  0x080059bd   Thumb Code    14  dunder.o(i.__mathlib_dbl_underflow)
    __scatterload_copy                       0x080059d1   Thumb Code    14  handlers.o(i.__scatterload_copy)
    __scatterload_null                       0x080059df   Thumb Code     2  handlers.o(i.__scatterload_null)
    __scatterload_zeroinit                   0x080059e1   Thumb Code    14  handlers.o(i.__scatterload_zeroinit)
    __set_errno                              0x080059f1   Thumb Code     6  errno.o(i.__set_errno)
    asin                                     0x080059fd   Thumb Code   574  asin.o(i.asin)
    atan                                     0x08005c71   Thumb Code   472  atan.o(i.atan)
    atan2                                    0x08005e8d   Thumb Code   334  atan2.o(i.atan2)
    invSqrt                                  0x08006005   Thumb Code    46  maths.o(i.invSqrt)
    main                                     0x08006039   Thumb Code    96  main.o(i.main)
    sqrt                                     0x080060a9   Thumb Code    66  sqrt.o(i.sqrt)
    AHBPrescTable                            0x080060f0   Data          64  system_stm32g0xx.o(.constdata)
    APBPrescTable                            0x08006130   Data          32  system_stm32g0xx.o(.constdata)
    __mathlib_zero                           0x08006238   Data           8  qnan.o(.constdata)
    Region$$Table$$Base                      0x08006240   Number         0  anon$$obj.o(Region$$Table)
    Region$$Table$$Limit                     0x08006260   Number         0  anon$$obj.o(Region$$Table)
    DataVar                                  0x20000000   Data           2  eeprom.o(.data)
    page_error                               0x20000004   Data           4  eeprom.o(.data)
    CurWrAddress                             0x20000008   Data           4  eeprom.o(.data)
    GYRO_Offset                              0x20000018   Data           1  i2c_mpu6050.o(.data)
    ACC_Offset                               0x20000019   Data           1  i2c_mpu6050.o(.data)
    I2C_Erro                                 0x20000034   Data           4  i2c_mpu6050.o(.data)
    data_x                                   0x20000044   Data           2  struct_all.o(.data)
    data_y                                   0x20000046   Data           2  struct_all.o(.data)
    data_z                                   0x20000048   Data           2  struct_all.o(.data)
    offset_acc                               0x2000004a   Data           6  struct_all.o(.data)
    offset_gyro                              0x20000050   Data           6  struct_all.o(.data)
    VirtAddVarTab                            0x20000056   Data          32  struct_all.o(.data)
    acc                                      0x20000076   Data           6  struct_all.o(.data)
    gyro                                     0x2000007c   Data           6  struct_all.o(.data)
    filter_acc                               0x20000082   Data           6  struct_all.o(.data)
    filter_gyro                              0x20000088   Data           6  struct_all.o(.data)
    Rc_Lock                                  0x2000008e   Data           1  control.o(.data)
    q0                                       0x200000a8   Data           4  imu.o(.data)
    q1                                       0x200000ac   Data           4  imu.o(.data)
    q2                                       0x200000b0   Data           4  imu.o(.data)
    q3                                       0x200000b4   Data           4  imu.o(.data)
    exInt                                    0x200000b8   Data           4  imu.o(.data)
    eyInt                                    0x200000bc   Data           4  imu.o(.data)
    ezInt                                    0x200000c0   Data           4  imu.o(.data)
    Bsp_Int_Ok                               0x200000c4   Data           1  tasks.o(.data)
    ADC_Value                                0x200000d0   Data           4  adc.o(.data)
    Battery_Fly                              0x200000d4   Data           2  adc.o(.data)
    Count_1ms                                0x200000d8   Data           1  tim.o(.data)
    Count_2ms                                0x200000d9   Data           1  tim.o(.data)
    Count_4ms                                0x200000da   Data           1  tim.o(.data)
    Count_100ms                              0x200000db   Data           1  tim.o(.data)
    Timer3_Count                             0x200000dc   Data           4  tim.o(.data)
    Timer3_Frequency                         0x200000e0   Data           2  tim.o(.data)
    SystemCoreClock                          0x200000e4   Data           4  system_stm32g0xx.o(.data)
    uwTickPrio                               0x200000e8   Data           4  stm32g0xx_hal.o(.data)
    uwTickFreq                               0x200000ec   Data           4  stm32g0xx_hal.o(.data)
    uwTick                                   0x200000f0   Data           4  stm32g0xx_hal.o(.data)
    SI_gyro                                  0x20000108   Data          12  struct_all.o(.bss)
    Rc                                       0x20000114   Data          16  struct_all.o(.bss)
    out_angle                                0x20000124   Data          12  struct_all.o(.bss)
    pitch                                    0x20000130   Data          20  struct_all.o(.bss)
    roll                                     0x20000144   Data          20  struct_all.o(.bss)
    gyro_pitch                               0x20000158   Data          20  struct_all.o(.bss)
    gyro_roll                                0x2000016c   Data          20  struct_all.o(.bss)
    gyro_yaw                                 0x20000180   Data          20  struct_all.o(.bss)
    Bluetooth_RXDATA                         0x200001c4   Data          32  uart_bluetooth.o(.bss)
    hadc1                                    0x200001e4   Data         100  adc.o(.bss)
    hdma_adc1                                0x20000248   Data          92  adc.o(.bss)
    htim1                                    0x200002a4   Data          64  tim.o(.bss)
    htim3                                    0x200002e4   Data          64  tim.o(.bss)
    huart2                                   0x20000424   Data         140  usart.o(.bss)
    pFlash                                   0x200004b0   Data          24  stm32g0xx_hal_flash.o(.bss)
    __initial_sp                             0x200008c8   Data           0  startup_stm32g030xx.o(STACK)



==============================================================================

Memory Map of the image

  Image Entry point : 0x080000c1

  Load Region LR_IROM1 (Base: 0x08000000, Size: 0x00006358, Max: 0x00010000, ABSOLUTE)

    Execution Region ER_IROM1 (Exec base: 0x08000000, Load base: 0x08000000, Size: 0x00006260, Max: 0x00010000, ABSOLUTE)

    Exec Addr    Load Addr    Size         Type   Attr      Idx    E Section Name        Object

    0x08000000   0x08000000   0x000000c0   Data   RO            3    RESET               startup_stm32g030xx.o
    0x080000c0   0x080000c0   0x00000000   Code   RO         4047  * .ARM.Collect$$$$00000000  mc_p.l(entry.o)
    0x080000c0   0x080000c0   0x00000004   Code   RO         4115    .ARM.Collect$$$$00000001  mc_p.l(entry2.o)
    0x080000c4   0x080000c4   0x00000004   Code   RO         4118    .ARM.Collect$$$$00000004  mc_p.l(entry5.o)
    0x080000c8   0x080000c8   0x00000000   Code   RO         4120    .ARM.Collect$$$$00000008  mc_p.l(entry7b.o)
    0x080000c8   0x080000c8   0x00000000   Code   RO         4122    .ARM.Collect$$$$0000000A  mc_p.l(entry8b.o)
    0x080000c8   0x080000c8   0x00000008   Code   RO         4123    .ARM.Collect$$$$0000000B  mc_p.l(entry9a.o)
    0x080000d0   0x080000d0   0x00000000   Code   RO         4125    .ARM.Collect$$$$0000000D  mc_p.l(entry10a.o)
    0x080000d0   0x080000d0   0x00000000   Code   RO         4127    .ARM.Collect$$$$0000000F  mc_p.l(entry11a.o)
    0x080000d0   0x080000d0   0x00000004   Code   RO         4116    .ARM.Collect$$$$00002712  mc_p.l(entry2.o)
    0x080000d4   0x080000d4   0x0000001c   Code   RO            4    .text               startup_stm32g030xx.o
    0x080000f0   0x080000f0   0x0000002c   Code   RO         4050    .text               mc_p.l(uidiv.o)
    0x0800011c   0x0800011c   0x00000028   Code   RO         4052    .text               mc_p.l(idiv.o)
    0x08000144   0x08000144   0x00000024   Code   RO         4054    .text               mc_p.l(memseta.o)
    0x08000168   0x08000168   0x000000b2   Code   RO         4056    .text               mf_p.l(fadd.o)
    0x0800021a   0x0800021a   0x0000007a   Code   RO         4058    .text               mf_p.l(fmul.o)
    0x08000294   0x08000294   0x0000007c   Code   RO         4060    .text               mf_p.l(fdiv.o)
    0x08000310   0x08000310   0x00000018   Code   RO         4062    .text               mf_p.l(fscalb.o)
    0x08000328   0x08000328   0x000000d0   Code   RO         4064    .text               mf_p.l(dmul.o)
    0x080003f8   0x080003f8   0x00000016   Code   RO         4066    .text               mf_p.l(fflti.o)
    0x0800040e   0x0800040e   0x0000000e   Code   RO         4068    .text               mf_p.l(ffltui.o)
    0x0800041c   0x0800041c   0x00000032   Code   RO         4070    .text               mf_p.l(ffixi.o)
    0x0800044e   0x0800044e   0x00000028   Code   RO         4072    .text               mf_p.l(ffixui.o)
    0x08000476   0x08000476   0x00000028   Code   RO         4074    .text               mf_p.l(f2d.o)
    0x0800049e   0x0800049e   0x00000038   Code   RO         4076    .text               mf_p.l(d2f.o)
    0x080004d6   0x080004d6   0x00000000   Code   RO         4136    .text               mc_p.l(iusefp.o)
    0x080004d6   0x080004d6   0x00000082   Code   RO         4137    .text               mf_p.l(fepilogue.o)
    0x08000558   0x08000558   0x000000be   Code   RO         4139    .text               mf_p.l(depilogue.o)
    0x08000616   0x08000616   0x00000002   PAD
    0x08000618   0x08000618   0x00000164   Code   RO         4143    .text               mf_p.l(dadd.o)
    0x0800077c   0x0800077c   0x000000f0   Code   RO         4145    .text               mf_p.l(ddiv.o)
    0x0800086c   0x0800086c   0x0000002c   Code   RO         4147    .text               mf_p.l(dscalb.o)
    0x08000898   0x08000898   0x00000024   Code   RO         4149    .text               mc_p.l(init.o)
    0x080008bc   0x080008bc   0x00000020   Code   RO         4151    .text               mc_p.l(llshl.o)
    0x080008dc   0x080008dc   0x00000022   Code   RO         4153    .text               mc_p.l(llushr.o)
    0x080008fe   0x080008fe   0x00000026   Code   RO         4155    .text               mc_p.l(llsshr.o)
    0x08000924   0x08000924   0x000000a2   Code   RO         4157    .text               mf_p.l(dsqrt.o)
    0x080009c6   0x080009c6   0x00000002   PAD
    0x080009c8   0x080009c8   0x00000088   Code   RO          531    i.ACC_IIR_Filter    filter.o
    0x08000a50   0x08000a50   0x00000018   Code   RO          855    i.ADC1_Init         adc.o
    0x08000a68   0x08000a68   0x00000080   Code   RO         1265    i.ADC_DMAConvCplt   stm32g0xx_hal_adc.o
    0x08000ae8   0x08000ae8   0x0000001a   Code   RO         1266    i.ADC_DMAError      stm32g0xx_hal_adc.o
    0x08000b02   0x08000b02   0x0000000a   Code   RO         1267    i.ADC_DMAHalfConvCplt  stm32g0xx_hal_adc.o
    0x08000b0c   0x08000b0c   0x00000074   Code   RO         1269    i.ADC_Enable        stm32g0xx_hal_adc.o
    0x08000b80   0x08000b80   0x0000003c   Code   RO          665    i.BSP_Int           tasks.o
    0x08000bbc   0x08000bbc   0x00000170   Code   RO          726    i.Bluetooth_Analyse  uart_bluetooth.o
    0x08000d2c   0x08000d2c   0x0000006c   Code   RO          727    i.Bluetooth_Connect  uart_bluetooth.o
    0x08000d98   0x08000d98   0x00000018   Code   RO          728    i.Bluetooth_Send_TX  uart_bluetooth.o
    0x08000db0   0x08000db0   0x00000034   Code   RO          532    i.Calculate_FilteringCoefficient  filter.o
    0x08000de4   0x08000de4   0x000001b8   Code   RO          483    i.Control_Angle     control.o
    0x08000f9c   0x08000f9c   0x000002f4   Code   RO          484    i.Control_Gyro      control.o
    0x08001290   0x08001290   0x00000010   Code   RO         1076    i.DMA1_Channel1_IRQHandler  stm32g0xx_it.o
    0x080012a0   0x080012a0   0x00000030   Code   RO         1885    i.DMA_CalcDMAMUXChannelBaseAndMask  stm32g0xx_hal_dma.o
    0x080012d0   0x080012d0   0x00000024   Code   RO         1886    i.DMA_CalcDMAMUXRequestGenBaseAndMask  stm32g0xx_hal_dma.o
    0x080012f4   0x080012f4   0x00000048   Code   RO         1887    i.DMA_SetConfig     stm32g0xx_hal_dma.o
    0x0800133c   0x0800133c   0x00000020   Code   RO          328    i.Delay_led         led.o
    0x0800135c   0x0800135c   0x0000000c   Code   RO          189    i.Do_ACC_Offset     i2c_mpu6050.o
    0x08001368   0x08001368   0x0000000c   Code   RO          190    i.Do_GYRO_Offset    i2c_mpu6050.o
    0x08001374   0x08001374   0x00000048   Code   RO          397    i.EEPROM_INIT       struct_all.o
    0x080013bc   0x080013bc   0x0000003c   Code   RO          398    i.EEPROM_READ_ACC_OFFSET  struct_all.o
    0x080013f8   0x080013f8   0x0000003c   Code   RO          399    i.EEPROM_READ_GYRO_OFFSET  struct_all.o
    0x08001434   0x08001434   0x000000f8   Code   RO          400    i.EEPROM_READ_PID   struct_all.o
    0x0800152c   0x0800152c   0x00000034   Code   RO          401    i.EEPROM_SAVE_ACC_OFFSET  struct_all.o
    0x08001560   0x08001560   0x00000030   Code   RO          402    i.EEPROM_SAVE_GYRO_OFFSET  struct_all.o
    0x08001590   0x08001590   0x000000e8   Code   RO          403    i.EEPROM_SAVE_PID   struct_all.o
    0x08001678   0x08001678   0x00000048   Code   RO           12    i.EE_FindValidPage  eeprom.o
    0x080016c0   0x080016c0   0x00000044   Code   RO           13    i.EE_Format         eeprom.o
    0x08001704   0x08001704   0x00000010   Code   RO           14    i.EE_Init           eeprom.o
    0x08001714   0x08001714   0x000000a8   Code   RO           15    i.EE_PageTransfer   eeprom.o
    0x080017bc   0x080017bc   0x00000044   Code   RO           16    i.EE_ReadVariable   eeprom.o
    0x08001800   0x08001800   0x0000005c   Code   RO           17    i.EE_VerifyPageFullWriteVariable  eeprom.o
    0x0800185c   0x0800185c   0x00000018   Code   RO           18    i.EE_WriteVariable  eeprom.o
    0x08001874   0x08001874   0x00000002   Code   RO          800    i.Error_Handler     main.o
    0x08001876   0x08001876   0x00000002   PAD
    0x08001878   0x08001878   0x00000014   Code   RO         1804    i.FLASH_MassErase   stm32g0xx_hal_flash_ex.o
    0x0800188c   0x0800188c   0x00000020   Code   RO         1808    i.FLASH_PageErase   stm32g0xx_hal_flash_ex.o
    0x080018ac   0x080018ac   0x0000001c   Code   RO         1698    i.FLASH_Program_DoubleWord  stm32g0xx_hal_flash.o
    0x080018c8   0x080018c8   0x00000034   Code   RO         1699    i.FLASH_Program_Fast  stm32g0xx_hal_flash.o
    0x080018fc   0x080018fc   0x00000074   Code   RO         1700    i.FLASH_WaitForLastOperation  stm32g0xx_hal_flash.o
    0x08001970   0x08001970   0x0000003c   Code   RO          777    i.FailSafe          advanced.o
    0x080019ac   0x080019ac   0x0000001e   Code   RO          601    i.Get_Checksum      maths.o
    0x080019ca   0x080019ca   0x00000002   PAD
    0x080019cc   0x080019cc   0x000000d0   Code   RO          569    i.Get_Eulerian_Angle  imu.o
    0x08001a9c   0x08001a9c   0x00000040   Code   RO          602    i.Get_Radian        maths.o
    0x08001adc   0x08001adc   0x00000078   Code   RO          533    i.Gyro_Filter       filter.o
    0x08001b54   0x08001b54   0x00000288   Code   RO         1270    i.HAL_ADC_AnalogWDGConfig  stm32g0xx_hal_adc.o
    0x08001ddc   0x08001ddc   0x0000021c   Code   RO         1271    i.HAL_ADC_ConfigChannel  stm32g0xx_hal_adc.o
    0x08001ff8   0x08001ff8   0x00000018   Code   RO          856    i.HAL_ADC_ConvCpltCallback  adc.o
    0x08002010   0x08002010   0x00000002   Code   RO         1273    i.HAL_ADC_ConvHalfCpltCallback  stm32g0xx_hal_adc.o
    0x08002012   0x08002012   0x00000002   Code   RO         1275    i.HAL_ADC_ErrorCallback  stm32g0xx_hal_adc.o
    0x08002014   0x08002014   0x00000250   Code   RO         1280    i.HAL_ADC_Init      stm32g0xx_hal_adc.o
    0x08002264   0x08002264   0x00000094   Code   RO          858    i.HAL_ADC_MspInit   adc.o
    0x080022f8   0x080022f8   0x000000b4   Code   RO         1287    i.HAL_ADC_Start_DMA  stm32g0xx_hal_adc.o
    0x080023ac   0x080023ac   0x00000080   Code   RO         1889    i.HAL_DMA_Abort_IT  stm32g0xx_hal_dma.o
    0x0800242c   0x0800242c   0x000000b8   Code   RO         1893    i.HAL_DMA_IRQHandler  stm32g0xx_hal_dma.o
    0x080024e4   0x080024e4   0x000000a0   Code   RO         1894    i.HAL_DMA_Init      stm32g0xx_hal_dma.o
    0x08002584   0x08002584   0x00000090   Code   RO         1898    i.HAL_DMA_Start_IT  stm32g0xx_hal_dma.o
    0x08002614   0x08002614   0x00000080   Code   RO         1809    i.HAL_FLASHEx_Erase  stm32g0xx_hal_flash_ex.o
    0x08002694   0x08002694   0x00000060   Code   RO         1709    i.HAL_FLASH_Program  stm32g0xx_hal_flash.o
    0x080026f4   0x080026f4   0x00000028   Code   RO         1711    i.HAL_FLASH_Unlock  stm32g0xx_hal_flash.o
    0x0800271c   0x0800271c   0x00000134   Code   RO         1200    i.HAL_GPIO_Init     stm32g0xx_hal_gpio.o
    0x08002850   0x08002850   0x0000000c   Code   RO         1204    i.HAL_GPIO_WritePin  stm32g0xx_hal_gpio.o
    0x0800285c   0x0800285c   0x0000000c   Code   RO         2349    i.HAL_GetTick       stm32g0xx_hal.o
    0x08002868   0x08002868   0x00000010   Code   RO         2355    i.HAL_IncTick       stm32g0xx_hal.o
    0x08002878   0x08002878   0x00000028   Code   RO         2356    i.HAL_Init          stm32g0xx_hal.o
    0x080028a0   0x080028a0   0x00000048   Code   RO         2357    i.HAL_InitTick      stm32g0xx_hal.o
    0x080028e8   0x080028e8   0x0000002c   Code   RO         1142    i.HAL_MspInit       stm32g0xx_hal_msp.o
    0x08002914   0x08002914   0x00000018   Code   RO         2233    i.HAL_NVIC_EnableIRQ  stm32g0xx_hal_cortex.o
    0x0800292c   0x0800292c   0x00000008   Code   RO         2237    i.HAL_NVIC_SetPriority  stm32g0xx_hal_cortex.o
    0x08002934   0x08002934   0x0000004c   Code   RO         2118    i.HAL_PWREx_ControlVoltageScaling  stm32g0xx_hal_pwr_ex.o
    0x08002980   0x08002980   0x0000014c   Code   RO         1655    i.HAL_RCCEx_PeriphCLKConfig  stm32g0xx_hal_rcc_ex.o
    0x08002acc   0x08002acc   0x00000158   Code   RO         1545    i.HAL_RCC_ClockConfig  stm32g0xx_hal_rcc.o
    0x08002c24   0x08002c24   0x00000028   Code   RO         1553    i.HAL_RCC_GetPCLK1Freq  stm32g0xx_hal_rcc.o
    0x08002c4c   0x08002c4c   0x0000008c   Code   RO         1554    i.HAL_RCC_GetSysClockFreq  stm32g0xx_hal_rcc.o
    0x08002cd8   0x08002cd8   0x000003e0   Code   RO         1558    i.HAL_RCC_OscConfig  stm32g0xx_hal_rcc.o
    0x080030b8   0x080030b8   0x00000030   Code   RO         2241    i.HAL_SYSTICK_Config  stm32g0xx_hal_cortex.o
    0x080030e8   0x080030e8   0x00000002   Code   RO         3285    i.HAL_TIMEx_Break2Callback  stm32g0xx_hal_tim_ex.o
    0x080030ea   0x080030ea   0x00000002   Code   RO         3286    i.HAL_TIMEx_BreakCallback  stm32g0xx_hal_tim_ex.o
    0x080030ec   0x080030ec   0x00000002   Code   RO         3287    i.HAL_TIMEx_CommutCallback  stm32g0xx_hal_tim_ex.o
    0x080030ee   0x080030ee   0x00000002   PAD
    0x080030f0   0x080030f0   0x000000ac   Code   RO         3289    i.HAL_TIMEx_ConfigBreakDeadTime  stm32g0xx_hal_tim_ex.o
    0x0800319c   0x0800319c   0x00000054   Code   RO         3307    i.HAL_TIMEx_MasterConfigSynchronization  stm32g0xx_hal_tim_ex.o
    0x080031f0   0x080031f0   0x00000034   Code   RO         2604    i.HAL_TIM_Base_Init  stm32g0xx_hal_tim.o
    0x08003224   0x08003224   0x00000054   Code   RO          934    i.HAL_TIM_Base_MspInit  tim.o
    0x08003278   0x08003278   0x0000002c   Code   RO         2609    i.HAL_TIM_Base_Start_IT  stm32g0xx_hal_tim.o
    0x080032a4   0x080032a4   0x000000d8   Code   RO         2613    i.HAL_TIM_ConfigClockSource  stm32g0xx_hal_tim.o
    0x0800337c   0x0800337c   0x00000002   Code   RO         2633    i.HAL_TIM_IC_CaptureCallback  stm32g0xx_hal_tim.o
    0x0800337e   0x0800337e   0x00000002   PAD
    0x08003380   0x08003380   0x00000184   Code   RO         2647    i.HAL_TIM_IRQHandler  stm32g0xx_hal_tim.o
    0x08003504   0x08003504   0x00000070   Code   RO          935    i.HAL_TIM_MspPostInit  tim.o
    0x08003574   0x08003574   0x00000002   Code   RO         2650    i.HAL_TIM_OC_DelayElapsedCallback  stm32g0xx_hal_tim.o
    0x08003576   0x08003576   0x00000126   Code   RO         2671    i.HAL_TIM_PWM_ConfigChannel  stm32g0xx_hal_tim.o
    0x0800369c   0x0800369c   0x00000034   Code   RO         2674    i.HAL_TIM_PWM_Init  stm32g0xx_hal_tim.o
    0x080036d0   0x080036d0   0x00000002   Code   RO         2676    i.HAL_TIM_PWM_MspInit  stm32g0xx_hal_tim.o
    0x080036d2   0x080036d2   0x00000002   Code   RO         2677    i.HAL_TIM_PWM_PulseFinishedCallback  stm32g0xx_hal_tim.o
    0x080036d4   0x080036d4   0x00000058   Code   RO         2679    i.HAL_TIM_PWM_Start  stm32g0xx_hal_tim.o
    0x0800372c   0x0800372c   0x00000040   Code   RO          936    i.HAL_TIM_PeriodElapsedCallback  tim.o
    0x0800376c   0x0800376c   0x00000002   Code   RO         2690    i.HAL_TIM_TriggerCallback  stm32g0xx_hal_tim.o
    0x0800376e   0x0800376e   0x00000002   Code   RO         3946    i.HAL_UARTEx_RxFifoFullCallback  stm32g0xx_hal_uart_ex.o
    0x08003770   0x08003770   0x00000002   Code   RO         3950    i.HAL_UARTEx_TxFifoEmptyCallback  stm32g0xx_hal_uart_ex.o
    0x08003772   0x08003772   0x00000002   Code   RO         3951    i.HAL_UARTEx_WakeupCallback  stm32g0xx_hal_uart_ex.o
    0x08003774   0x08003774   0x00000002   Code   RO         3590    i.HAL_UART_ErrorCallback  stm32g0xx_hal_uart.o
    0x08003776   0x08003776   0x00000002   PAD
    0x08003778   0x08003778   0x00000184   Code   RO         3593    i.HAL_UART_IRQHandler  stm32g0xx_hal_uart.o
    0x080038fc   0x080038fc   0x00000070   Code   RO         3594    i.HAL_UART_Init     stm32g0xx_hal_uart.o
    0x0800396c   0x0800396c   0x0000006c   Code   RO         1001    i.HAL_UART_MspInit  usart.o
    0x080039d8   0x080039d8   0x000000e0   Code   RO         3602    i.HAL_UART_Transmit  stm32g0xx_hal_uart.o
    0x08003ab8   0x08003ab8   0x00000002   Code   RO         3605    i.HAL_UART_TxCpltCallback  stm32g0xx_hal_uart.o
    0x08003aba   0x08003aba   0x00000002   Code   RO         1077    i.HardFault_Handler  stm32g0xx_it.o
    0x08003abc   0x08003abc   0x00000030   Code   RO          191    i.I2C_NACK          i2c_mpu6050.o
    0x08003aec   0x08003aec   0x0000004c   Code   RO          192    i.I2C_ReadByte      i2c_mpu6050.o
    0x08003b38   0x08003b38   0x00000044   Code   RO          193    i.I2C_Start         i2c_mpu6050.o
    0x08003b7c   0x08003b7c   0x00000030   Code   RO          194    i.I2C_Stop          i2c_mpu6050.o
    0x08003bac   0x08003bac   0x00000040   Code   RO          195    i.I2C_WaitAck       i2c_mpu6050.o
    0x08003bec   0x08003bec   0x0000004c   Code   RO          196    i.I2C_WriteByte     i2c_mpu6050.o
    0x08003c38   0x08003c38   0x0000031c   Code   RO          570    i.IMUupdate         imu.o
    0x08003f54   0x08003f54   0x0000004c   Code   RO           19    i.InitCurrWrAddress  eeprom.o
    0x08003fa0   0x08003fa0   0x00000060   Code   RO          197    i.InitMPU6050       i2c_mpu6050.o
    0x08004000   0x08004000   0x00000038   Code   RO          329    i.LED_OFF           led.o
    0x08004038   0x08004038   0x0000003c   Code   RO          330    i.LED_ON            led.o
    0x08004074   0x08004074   0x00000050   Code   RO          331    i.LED_ON_Frequency  led.o
    0x080040c4   0x080040c4   0x00000046   Code   RO          332    i.LED_ON_OFF        led.o
    0x0800410a   0x0800410a   0x00000008   Code   RO         1292    i.LL_ADC_IsEnabled  stm32g0xx_hal_adc.o
    0x08004112   0x08004112   0x00000008   Code   RO         1293    i.LL_ADC_REG_IsConversionOngoing  stm32g0xx_hal_adc.o
    0x0800411a   0x0800411a   0x00000010   Code   RO         1294    i.LL_ADC_REG_IsTriggerSourceSWStart  stm32g0xx_hal_adc.o
    0x0800412a   0x0800412a   0x00000002   PAD
    0x0800412c   0x0800412c   0x00000030   Code   RO         1295    i.LL_ADC_SetAnalogWDMonitChannels  stm32g0xx_hal_adc.o
    0x0800415c   0x0800415c   0x0000000e   Code   RO         1296    i.LL_ADC_SetCommonPathInternalCh  stm32g0xx_hal_adc.o
    0x0800416a   0x0800416a   0x00000016   Code   RO         1297    i.LL_ADC_SetSamplingTimeCommonChannels  stm32g0xx_hal_adc.o
    0x08004180   0x08004180   0x00000088   Code   RO          198    i.MPU6050_Compose   i2c_mpu6050.o
    0x08004208   0x08004208   0x00000108   Code   RO          199    i.MPU6050_Offset    i2c_mpu6050.o
    0x08004310   0x08004310   0x00000098   Code   RO          200    i.MPU6050_SequenceRead  i2c_mpu6050.o
    0x080043a8   0x080043a8   0x0000006c   Code   RO          201    i.MPU6050_SingleRead  i2c_mpu6050.o
    0x08004414   0x08004414   0x00000094   Code   RO          859    i.MX_ADC1_Init      adc.o
    0x080044a8   0x080044a8   0x00000028   Code   RO          913    i.MX_DMA_Init       dma.o
    0x080044d0   0x080044d0   0x000000d0   Code   RO          835    i.MX_GPIO_Init      gpio.o
    0x080045a0   0x080045a0   0x00000120   Code   RO          937    i.MX_TIM1_Init      tim.o
    0x080046c0   0x080046c0   0x00000070   Code   RO          938    i.MX_TIM3_Init      tim.o
    0x08004730   0x08004730   0x0000003c   Code   RO         1002    i.MX_USART2_UART_Init  usart.o
    0x0800476c   0x0800476c   0x00000054   Code   RO          377    i.Motor_Out         motor.o
    0x080047c0   0x080047c0   0x00000002   Code   RO         1078    i.NMI_Handler       stm32g0xx_it.o
    0x080047c2   0x080047c2   0x00000002   PAD
    0x080047c4   0x080047c4   0x00000050   Code   RO          404    i.PID_Reset         struct_all.o
    0x08004814   0x08004814   0x00000002   Code   RO         1079    i.PendSV_Handler    stm32g0xx_it.o
    0x08004816   0x08004816   0x00000002   PAD
    0x08004818   0x08004818   0x00000078   Code   RO          633    i.Print_MSP_ATTITUDE  protocol.o
    0x08004890   0x08004890   0x00000144   Code   RO          634    i.Print_MSP_FLY_DATA  protocol.o
    0x080049d4   0x080049d4   0x000000e8   Code   RO          635    i.Print_MSP_RAW_IMU  protocol.o
    0x08004abc   0x08004abc   0x000000f0   Code   RO          485    i.RC_LOCK           control.o
    0x08004bac   0x08004bac   0x00000088   Code   RO          486    i.RC_Limit          control.o
    0x08004c34   0x08004c34   0x00000002   Code   RO         1080    i.SVC_Handler       stm32g0xx_it.o
    0x08004c36   0x08004c36   0x00000002   PAD
    0x08004c38   0x08004c38   0x00000034   Code   RO          730    i.Send_Data_Back    uart_bluetooth.o
    0x08004c6c   0x08004c6c   0x0000004c   Code   RO          202    i.Single_ReadI2C    i2c_mpu6050.o
    0x08004cb8   0x08004cb8   0x00000040   Code   RO          203    i.Single_WriteI2C   i2c_mpu6050.o
    0x08004cf8   0x08004cf8   0x00000008   Code   RO         1081    i.SysTick_Handler   stm32g0xx_it.o
    0x08004d00   0x08004d00   0x0000006e   Code   RO          801    i.SystemClock_Config  main.o
    0x08004d6e   0x08004d6e   0x00000002   PAD
    0x08004d70   0x08004d70   0x00000010   Code   RO         1163    i.SystemInit        system_stm32g0xx.o
    0x08004d80   0x08004d80   0x00000010   Code   RO         1082    i.TIM3_IRQHandler   stm32g0xx_it.o
    0x08004d90   0x08004d90   0x00000078   Code   RO         2692    i.TIM_Base_SetConfig  stm32g0xx_hal_tim.o
    0x08004e08   0x08004e08   0x0000001a   Code   RO         2693    i.TIM_CCxChannelCmd  stm32g0xx_hal_tim.o
    0x08004e22   0x08004e22   0x00000016   Code   RO         2703    i.TIM_ETR_SetConfig  stm32g0xx_hal_tim.o
    0x08004e38   0x08004e38   0x00000014   Code   RO         2704    i.TIM_ITRx_SetConfig  stm32g0xx_hal_tim.o
    0x08004e4c   0x08004e4c   0x00000050   Code   RO          939    i.TIM_Init          tim.o
    0x08004e9c   0x08004e9c   0x0000007c   Code   RO         2705    i.TIM_OC1_SetConfig  stm32g0xx_hal_tim.o
    0x08004f18   0x08004f18   0x0000007c   Code   RO         2706    i.TIM_OC2_SetConfig  stm32g0xx_hal_tim.o
    0x08004f94   0x08004f94   0x0000007c   Code   RO         2707    i.TIM_OC3_SetConfig  stm32g0xx_hal_tim.o
    0x08005010   0x08005010   0x0000006c   Code   RO         2708    i.TIM_OC4_SetConfig  stm32g0xx_hal_tim.o
    0x0800507c   0x0800507c   0x0000005c   Code   RO         2709    i.TIM_OC5_SetConfig  stm32g0xx_hal_tim.o
    0x080050d8   0x080050d8   0x00000064   Code   RO         2710    i.TIM_OC6_SetConfig  stm32g0xx_hal_tim.o
    0x0800513c   0x0800513c   0x00000022   Code   RO         2712    i.TIM_TI1_ConfigInputStage  stm32g0xx_hal_tim.o
    0x0800515e   0x0800515e   0x00000026   Code   RO         2714    i.TIM_TI2_ConfigInputStage  stm32g0xx_hal_tim.o
    0x08005184   0x08005184   0x0000007c   Code   RO          666    i.Task_1000HZ       tasks.o
    0x08005200   0x08005200   0x00000008   Code   RO          667    i.Task_10HZ         tasks.o
    0x08005208   0x08005208   0x0000001c   Code   RO          668    i.Task_250HZ        tasks.o
    0x08005224   0x08005224   0x0000001c   Code   RO          669    i.Task_500HZ        tasks.o
    0x08005240   0x08005240   0x000000ca   Code   RO         3607    i.UART_AdvFeatureConfig  stm32g0xx_hal_uart.o
    0x0800530a   0x0800530a   0x00000002   PAD
    0x0800530c   0x0800530c   0x00000064   Code   RO         3608    i.UART_CheckIdleState  stm32g0xx_hal_uart.o
    0x08005370   0x08005370   0x00000014   Code   RO         3609    i.UART_DMAAbortOnError  stm32g0xx_hal_uart.o
    0x08005384   0x08005384   0x00000028   Code   RO         3619    i.UART_EndRxTransfer  stm32g0xx_hal_uart.o
    0x080053ac   0x080053ac   0x000002e0   Code   RO         3625    i.UART_SetConfig    stm32g0xx_hal_uart.o
    0x0800568c   0x0800568c   0x00000066   Code   RO         3630    i.UART_WaitOnFlagUntilTimeout  stm32g0xx_hal_uart.o
    0x080056f2   0x080056f2   0x00000002   PAD
    0x080056f4   0x080056f4   0x00000010   Code   RO         1083    i.USART2_IRQHandler  stm32g0xx_it.o
    0x08005704   0x08005704   0x0000002e   Code   RO         4141    i.__ARM_clz         mf_p.l(depilogue.o)
    0x08005732   0x08005732   0x00000002   PAD
    0x08005734   0x08005734   0x0000002c   Code   RO         4102    i.__ARM_fpclassify  m_ps.l(fpclassify.o)
    0x08005760   0x08005760   0x00000148   Code   RO           20    i.__EE_Init         eeprom.o
    0x080058a8   0x080058a8   0x00000044   Code   RO         2243    i.__NVIC_SetPriority  stm32g0xx_hal_cortex.o
    0x080058ec   0x080058ec   0x000000ac   Code   RO         4104    i.__kernel_poly     m_ps.l(poly.o)
    0x08005998   0x08005998   0x0000000a   Code   RO         4089    i.__mathlib_dbl_infnan  m_ps.l(dunder.o)
    0x080059a2   0x080059a2   0x00000008   Code   RO         4090    i.__mathlib_dbl_infnan2  m_ps.l(dunder.o)
    0x080059aa   0x080059aa   0x00000010   Code   RO         4091    i.__mathlib_dbl_invalid  m_ps.l(dunder.o)
    0x080059ba   0x080059ba   0x00000002   PAD
    0x080059bc   0x080059bc   0x00000014   Code   RO         4094    i.__mathlib_dbl_underflow  m_ps.l(dunder.o)
    0x080059d0   0x080059d0   0x0000000e   Code   RO         4163    i.__scatterload_copy  mc_p.l(handlers.o)
    0x080059de   0x080059de   0x00000002   Code   RO         4164    i.__scatterload_null  mc_p.l(handlers.o)
    0x080059e0   0x080059e0   0x0000000e   Code   RO         4165    i.__scatterload_zeroinit  mc_p.l(handlers.o)
    0x080059ee   0x080059ee   0x00000002   PAD
    0x080059f0   0x080059f0   0x0000000c   Code   RO         4131    i.__set_errno       mc_p.l(errno.o)
    0x080059fc   0x080059fc   0x00000274   Code   RO         4030    i.asin              m_ps.l(asin.o)
    0x08005c70   0x08005c70   0x0000021c   Code   RO         4079    i.atan              m_ps.l(atan.o)
    0x08005e8c   0x08005e8c   0x00000178   Code   RO         4040    i.atan2             m_ps.l(atan2.o)
    0x08006004   0x08006004   0x00000034   Code   RO          603    i.invSqrt           maths.o
    0x08006038   0x08006038   0x00000070   Code   RO          802    i.main              main.o
    0x080060a8   0x080060a8   0x00000048   Code   RO         4108    i.sqrt              m_ps.l(sqrt.o)
    0x080060f0   0x080060f0   0x00000040   Data   RO         1164    .constdata          system_stm32g0xx.o
    0x08006130   0x08006130   0x00000020   Data   RO         1165    .constdata          system_stm32g0xx.o
    0x08006150   0x08006150   0x00000050   Data   RO         4031    .constdata          m_ps.l(asin.o)
    0x080061a0   0x080061a0   0x00000098   Data   RO         4080    .constdata          m_ps.l(atan.o)
    0x08006238   0x08006238   0x00000008   Data   RO         4106    .constdata          m_ps.l(qnan.o)
    0x08006240   0x08006240   0x00000020   Data   RO         4161    Region$$Table       anon$$obj.o


    Execution Region RW_IRAM1 (Exec base: 0x20000000, Load base: 0x08006260, Size: 0x000008c8, Max: 0x00002000, ABSOLUTE)

    Exec Addr    Load Addr    Size         Type   Attr      Idx    E Section Name        Object

    0x20000000   0x08006260   0x00000018   Data   RW           21    .data               eeprom.o
    0x20000018   0x08006278   0x0000001c   Data   RW          205    .data               i2c_mpu6050.o
    0x20000034   0x08006294   0x00000004   Data   RW          206    .data               i2c_mpu6050.o
    0x20000038   0x08006298   0x0000000c   Data   RW          333    .data               led.o
    0x20000044   0x080062a4   0x00000032   Data   RW          410    .data               struct_all.o
    0x20000076   0x080062d6   0x00000006   Data   RW          411    .data               struct_all.o
    0x2000007c   0x080062dc   0x00000006   Data   RW          412    .data               struct_all.o
    0x20000082   0x080062e2   0x00000006   Data   RW          413    .data               struct_all.o
    0x20000088   0x080062e8   0x00000006   Data   RW          414    .data               struct_all.o
    0x2000008e   0x080062ee   0x00000004   Data   RW          488    .data               control.o
    0x20000092   0x080062f2   0x00000002   PAD
    0x20000094   0x080062f4   0x00000014   Data   RW          534    .data               filter.o
    0x200000a8   0x08006308   0x0000001c   Data   RW          571    .data               imu.o
    0x200000c4   0x08006324   0x00000001   Data   RW          670    .data               tasks.o
    0x200000c5   0x08006325   0x00000001   PAD
    0x200000c6   0x08006326   0x00000004   Data   RW          733    .data               uart_bluetooth.o
    0x200000ca   0x0800632a   0x00000002   PAD
    0x200000cc   0x0800632c   0x00000008   Data   RW          862    .data               adc.o
    0x200000d4   0x08006334   0x00000002   Data   RW          863    .data               adc.o
    0x200000d6   0x08006336   0x00000002   PAD
    0x200000d8   0x08006338   0x00000008   Data   RW          941    .data               tim.o
    0x200000e0   0x08006340   0x00000002   Data   RW          942    .data               tim.o
    0x200000e2   0x08006342   0x00000002   PAD
    0x200000e4   0x08006344   0x00000004   Data   RW         1166    .data               system_stm32g0xx.o
    0x200000e8   0x08006348   0x0000000c   Data   RW         2369    .data               stm32g0xx_hal.o
    0x200000f4   0x08006354   0x00000004   Data   RW         4132    .data               mc_p.l(errno.o)
    0x200000f8        -       0x0000000e   Zero   RW          204    .bss                i2c_mpu6050.o
    0x20000106   0x08006358   0x00000002   PAD
    0x20000108        -       0x0000000c   Zero   RW          406    .bss                struct_all.o
    0x20000114        -       0x00000010   Zero   RW          407    .bss                struct_all.o
    0x20000124        -       0x0000000c   Zero   RW          408    .bss                struct_all.o
    0x20000130        -       0x00000064   Zero   RW          409    .bss                struct_all.o
    0x20000194        -       0x00000030   Zero   RW          487    .bss                control.o
    0x200001c4        -       0x00000020   Zero   RW          731    .bss                uart_bluetooth.o
    0x200001e4        -       0x000000c0   Zero   RW          861    .bss                adc.o
    0x200002a4        -       0x00000080   Zero   RW          940    .bss                tim.o
    0x20000324        -       0x0000018c   Zero   RW         1009    .bss                usart.o
    0x200004b0        -       0x00000018   Zero   RW         1712    .bss                stm32g0xx_hal_flash.o
    0x200004c8        -       0x00000400   Zero   RW            1    STACK               startup_stm32g030xx.o


==============================================================================

Image component sizes


      Code (inc. data)   RO Data    RW Data    ZI Data      Debug   Object Name

       344         46          0         10        192       2780   adc.o
        60         14          0          0          0        443   advanced.o
      1572        128          0          4         48       3902   control.o
        40          4          0          0          0        718   dma.o
       912        104          0         24          0     411970   eeprom.o
       308         18          0         20          0       2616   filter.o
       208         18          0          0          0        927   gpio.o
      1300        102          0         32         14      11978   i2c_mpu6050.o
      1004         38          0         28          0       2045   imu.o
       298         36          0         12          0       2795   led.o
       224         16          0          0          0       1980   main.o
       146         12          0          0          0       2022   maths.o
        84          6          0          0          0        656   motor.o
       676         56          0          0          0       1878   protocol.o
        28          8        192          0       1024        628   startup_stm32g030xx.o
       140         22          0         12          0       3233   stm32g0xx_hal.o
      2360        110          0          0          0      44777   stm32g0xx_hal_adc.o
       148         24          0          0          0      12101   stm32g0xx_hal_cortex.o
       772         40          0          0          0       5578   stm32g0xx_hal_dma.o
       332         46          0          0         24      15037   stm32g0xx_hal_flash.o
       180         26          0          0          0       2770   stm32g0xx_hal_flash_ex.o
       320         16          0          0          0       2228   stm32g0xx_hal_gpio.o
        44          6          0          0          0        810   stm32g0xx_hal_msp.o
        76         14          0          0          0        742   stm32g0xx_hal_pwr_ex.o
      1516         88          0          0          0      20117   stm32g0xx_hal_rcc.o
       332         12          0          0          0       1628   stm32g0xx_hal_rcc_ex.o
      2076        158          0          0          0      16982   stm32g0xx_hal_tim.o
       262         10          0          0          0       3772   stm32g0xx_hal_tim_ex.o
      1928         50          0          0          0      10114   stm32g0xx_hal_uart.o
         6          0          0          0          0       2085   stm32g0xx_hal_uart_ex.o
        64         18          0          0          0       3464   stm32g0xx_it.o
       852         82          0         74        140       9317   struct_all.o
        16          6         96          4          0       1127   system_stm32g0xx.o
       248         60          0          1          0       2399   tasks.o
       740         70          0         10        128       4428   tim.o
       552         68          0          4         32       2949   uart_bluetooth.o
       168         18          0          0        396       1797   usart.o

    ----------------------------------------------------------------------
     20360       1550        320        244       2000     614793   Object Totals
         0          0         32          0          0          0   (incl. Generated)
        24          0          0          9          2          0   (incl. Padding)

    ----------------------------------------------------------------------

      Code (inc. data)   RO Data    RW Data    ZI Data      Debug   Library Member Name

       628         54         80          0          0        104   asin.o
       540         68        152          0          0        112   atan.o
       376         42          0          0          0        144   atan2.o
        54          6          0          0          0        272   dunder.o
        44          4          0          0          0         60   fpclassify.o
       172          0          0          0          0         76   poly.o
         0          0          8          0          0          0   qnan.o
        72          6          0          0          0         76   sqrt.o
         0          0          0          0          0          0   entry.o
         0          0          0          0          0          0   entry10a.o
         0          0          0          0          0          0   entry11a.o
         8          4          0          0          0          0   entry2.o
         4          0          0          0          0          0   entry5.o
         0          0          0          0          0          0   entry7b.o
         0          0          0          0          0          0   entry8b.o
         8          4          0          0          0          0   entry9a.o
        12          6          0          4          0         60   errno.o
        30          0          0          0          0          0   handlers.o
        40          0          0          0          0         72   idiv.o
        36          8          0          0          0         68   init.o
         0          0          0          0          0          0   iusefp.o
        32          0          0          0          0         68   llshl.o
        38          0          0          0          0         68   llsshr.o
        34          0          0          0          0         68   llushr.o
        36          0          0          0          0        100   memseta.o
        44          0          0          0          0         72   uidiv.o
        56          0          0          0          0         68   d2f.o
       356          4          0          0          0        140   dadd.o
       240          6          0          0          0         84   ddiv.o
       236          0          0          0          0        216   depilogue.o
       208          6          0          0          0         88   dmul.o
        44          0          0          0          0         72   dscalb.o
       162          0          0          0          0         80   dsqrt.o
        40          0          0          0          0         60   f2d.o
       178          0          0          0          0        108   fadd.o
       124          0          0          0          0         72   fdiv.o
       130          0          0          0          0        144   fepilogue.o
        50          0          0          0          0         60   ffixi.o
        40          0          0          0          0         60   ffixui.o
        22          0          0          0          0         68   fflti.o
        14          0          0          0          0         68   ffltui.o
       122          0          0          0          0         72   fmul.o
        24          0          0          0          0         60   fscalb.o

    ----------------------------------------------------------------------
      4264        218        240          4          0       2940   Library Totals
        10          0          0          0          0          0   (incl. Padding)

    ----------------------------------------------------------------------

      Code (inc. data)   RO Data    RW Data    ZI Data      Debug   Library Name

      1886        180        240          0          0        844   m_ps.l
       322         22          0          4          0        576   mc_p.l
      2046         16          0          0          0       1520   mf_p.l

    ----------------------------------------------------------------------
      4264        218        240          4          0       2940   Library Totals

    ----------------------------------------------------------------------

==============================================================================


      Code (inc. data)   RO Data    RW Data    ZI Data      Debug   

     24624       1768        560        248       2000     608557   Grand Totals
     24624       1768        560        248       2000     608557   ELF Image Totals
     24624       1768        560        248          0          0   ROM Totals

==============================================================================

    Total RO  Size (Code + RO Data)                25184 (  24.59kB)
    Total RW  Size (RW Data + ZI Data)              2248 (   2.20kB)
    Total ROM Size (Code + RO Data + RW Data)      25432 (  24.84kB)

==============================================================================

